Archive member included because of file (symbol)

c:/devkitPro/libnds/lib\libmm9.a(mm_comms.o)
                              main.o (mmEffectEx)
c:/devkitPro/libnds/lib\libmm9.a(mm_main9.o)
                              c:/devkitPro/libnds/lib\libmm9.a(mm_comms.o) (mmCallback)
c:/devkitPro/libnds/lib\libmm9.a(mm_memory.o)
                              main.o (mmLoadEffect)
c:/devkitPro/libnds/lib\libmm9.a(mm_soundbank.o)
                              c:/devkitPro/libnds/lib\libmm9.a(mm_main9.o) (mmSoundBankInMemory)
c:/devkitPro/libnds/lib\libmm9.a(mm_flusher.o)
                              c:/devkitPro/libnds/lib\libmm9.a(mm_memory.o) (mmFlushBank)
c:/devkitPro/libnds/lib\libnds9.a(background.o)
                              main.o (bgState)
c:/devkitPro/libnds/lib\libnds9.a(console.o)
                              main.o (consoleSelect)
c:/devkitPro/libnds/lib\libnds9.a(decompress.o)
                              main.o (decompress)
c:/devkitPro/libnds/lib\libnds9.a(keys.o)
                              main.o (scanKeys)
c:/devkitPro/libnds/lib\libnds9.a(sprite.o)
                              main.o (oamInit)
c:/devkitPro/libnds/lib\libnds9.a(sprite_alloc.o)
                              c:/devkitPro/libnds/lib\libnds9.a(sprite.o) (oamAllocReset)
c:/devkitPro/libnds/lib\libnds9.a(touch.o)
                              main.o (touchRead)
c:/devkitPro/libnds/lib\libnds9.a(trig.o)
                              c:/devkitPro/libnds/lib\libnds9.a(background.o) (sinLerp)
c:/devkitPro/libnds/lib\libnds9.a(initSystem.o)
                              c:/devkitpro/devkitarm/bin/../lib/gcc/arm-eabi/4.7.0/../../../../arm-eabi/lib/thumb/ds_arm9_crt0.o (initSystem)
c:/devkitPro/libnds/lib\libnds9.a(fifosystem.o)
                              c:/devkitPro/libnds/lib\libnds9.a(initSystem.o) (fifoSendValue32)
c:/devkitPro/libnds/lib\libnds9.a(interrupts.o)
                              c:/devkitPro/libnds/lib\libnds9.a(fifosystem.o) (irqSet)
c:/devkitPro/libnds/lib\libnds9.a(libnds_exit.arm.o)
                              c:/devkitpro/devkitarm/bin/../lib/gcc/arm-eabi/4.7.0/../../../../arm-eabi/lib/thumb/ds_arm9_crt0.o (__libnds_exit)
c:/devkitPro/libnds/lib\libnds9.a(syscalls.o)
                              c:/devkitPro/libnds/lib\libnds9.a(decompress.o) (swiDecompressLZSSVram)
c:/devkitPro/libnds/lib\libnds9.a(dcache.o)
                              c:/devkitPro/libnds/lib\libnds9.a(sprite.o) (DC_FlushRange)
c:/devkitPro/libnds/lib\libnds9.a(mpu_setup.o)
                              c:/devkitpro/devkitarm/bin/../lib/gcc/arm-eabi/4.7.0/../../../../arm-eabi/lib/thumb/ds_arm9_crt0.o (__libnds_mpu_setup)
c:/devkitPro/libnds/lib\libnds9.a(biosCalls.o)
                              c:/devkitPro/libnds/lib\libnds9.a(fifosystem.o) (swiIntrWait)
c:/devkitPro/libnds/lib\libnds9.a(debugprint.o)
                              c:/devkitPro/libnds/lib\libnds9.a(console.o) (nocashWrite)
c:/devkitPro/libnds/lib\libnds9.a(interruptDispatcher.o)
                              c:/devkitPro/libnds/lib\libnds9.a(interrupts.o) (IntrMain)
c:/devkitPro/libnds/lib\libnds9.a(swiSoftReset.o)
                              c:/devkitPro/libnds/lib\libnds9.a(fifosystem.o) (swiSoftReset)
c:/devkitPro/libnds/lib\libnds9.a(default_font.bin.o)
                              c:/devkitPro/libnds/lib\libnds9.a(console.o) (default_font_bin)
c:/devkitPro/libnds/lib\libnds9.a(system.o)
                              c:/devkitPro/libnds/lib\libnds9.a(initSystem.o) (systemMsgHandler)
c:/devkitPro/libnds/lib\libnds9.a(video.o)
                              c:/devkitPro/libnds/lib\libnds9.a(initSystem.o) (vramDefault)
c:/devkitpro/devkitarm/bin/../lib/gcc/arm-eabi/4.7.0/thumb\libgcc.a(_divsi3.o)
                              c:/devkitPro/libnds/lib\libnds9.a(console.o) (__aeabi_idivmod)
c:/devkitpro/devkitarm/bin/../lib/gcc/arm-eabi/4.7.0/thumb\libgcc.a(_dvmd_tls.o)
                              c:/devkitpro/devkitarm/bin/../lib/gcc/arm-eabi/4.7.0/thumb\libgcc.a(_divsi3.o) (__aeabi_idiv0)
c:/devkitpro/devkitarm/bin/../lib/gcc/arm-eabi/4.7.0/../../../../arm-eabi/lib/thumb\libg.a(lib_a-bsearch.o)
                              c:/devkitPro/libnds/lib\libnds9.a(trig.o) (bsearch)
c:/devkitpro/devkitarm/bin/../lib/gcc/arm-eabi/4.7.0/../../../../arm-eabi/lib/thumb\libg.a(lib_a-fclose.o)
                              c:/devkitPro/libnds/lib\libmm9.a(mm_main9.o) (fclose)
c:/devkitpro/devkitarm/bin/../lib/gcc/arm-eabi/4.7.0/../../../../arm-eabi/lib/thumb\libg.a(lib_a-fflush.o)
                              c:/devkitpro/devkitarm/bin/../lib/gcc/arm-eabi/4.7.0/../../../../arm-eabi/lib/thumb\libg.a(lib_a-fclose.o) (_fflush_r)
c:/devkitpro/devkitarm/bin/../lib/gcc/arm-eabi/4.7.0/../../../../arm-eabi/lib/thumb\libg.a(lib_a-findfp.o)
                              c:/devkitpro/devkitarm/bin/../lib/gcc/arm-eabi/4.7.0/../../../../arm-eabi/lib/thumb\libg.a(lib_a-fclose.o) (__sinit)
[...]
Memory Configuration

Name             Origin             Length             Attributes
rom              0x08000000         0x02000000
ewram            0x02000000         0x003ff000
dtcm             0x0b000000         0x00004000
vectors          0x01000000         0x00000100
itcm             0x01000100         0x00007f00
*default*        0x00000000         0xffffffff

Linker script and memory map

                0x01000000                __vectors_start = ORIGIN (vectors)
                0x01000100                __itcm_start = ORIGIN (itcm)
                0x023ff000                __ewram_end = (ORIGIN (ewram) + 0x3ff000)
                0x023ff000                __eheap_end = (ORIGIN (ewram) + 0x3ff000)
                0x0b000000                __dtcm_start = ORIGIN (dtcm)
                0x0b004000                __dtcm_top = (ORIGIN (dtcm) + 0x4000)
                0x0b003ff8                __irq_flags = (__dtcm_top - 0x8)
                0x0b003ffc                __irq_vector = (__dtcm_top - 0x4)
                0x0b003f00                __sp_svc = (__dtcm_top - 0x100)
                0x0b003e00                __sp_irq = (__sp_svc - 0x100)
                0x0b003d00                __sp_usr = (__sp_irq - 0x100)

.init           0x02000000      0x23c
                0x02000000                __text_start = .
 *(.init)
 .init          0x02000000      0x230 c:/devkitpro/devkitarm/bin/../lib/gcc/arm-eabi/4.7.0/../../../../arm-eabi/lib/thumb/ds_arm9_crt0.o
                0x02000000                _start
 .init          0x02000230        0x4 c:/devkitpro/devkitarm/bin/../lib/gcc/arm-eabi/4.7.0/thumb/crti.o
                0x02000230                _init
 .init          0x02000234        0x8 c:/devkitpro/devkitarm/bin/../lib/gcc/arm-eabi/4.7.0/thumb/crtn.o
                0x0200023c                . = ALIGN (0x4)

.plt
 *(.plt)

.text           0x02000240    0x10978
 *(EXCLUDE_FILE(*.itcm*) .text)
 .text          0x02000240        0x0 c:/devkitpro/devkitarm/bin/../lib/gcc/arm-eabi/4.7.0/../../../../arm-eabi/lib/thumb/ds_arm9_crt0.o
 .text          0x02000240        0x0 c:/devkitpro/devkitarm/bin/../lib/gcc/arm-eabi/4.7.0/thumb/crti.o
 .text          0x02000240       0xd0 c:/devkitpro/devkitarm/bin/../lib/gcc/arm-eabi/4.7.0/thumb/crtbegin.o
 .text          0x02000310        0x0 soundbank.bin.o
 .text          0x02000310        0x0 MainBg.o
 .text          0x02000310        0x0 bluesbrothers.o
 .text          0x02000310        0x0 bttf.o
 .text          0x02000310        0x0 butthead.o
 .text          0x02000310        0x0 chewbacca.o
 .text          0x02000310        0x0 dsotm.o
 .text          0x02000310        0x0 duck.o
 .text          0x02000310        0x0 eastwood.o
 .text          0x02000310        0x0 gong.o
 .text          0x02000310        0x0 leftButtonOff.o
 .text          0x02000310        0x0 leftButtonOn.o
 .text          0x02000310        0x0 mario.o
 .text          0x02000310        0x0 rightButtonOff.o
 .text          0x02000310        0x0 rightButtonOn.o
 .text          0x02000310      0xabc main.o
                0x02000310                initVideo
                0x02000378                initBackgrounds
                0x02000454                initConsole
                0x02000488                initSprites
                0x02000d94                within
 .text          0x02000dcc      0x24c c:/devkitPro/libnds/lib\libmm9.a(mm_comms.o)
                0x02000dcc                mmSetupComms
                0x02000e1e                mmSendBank
                0x02000e28                mmLockChannels
                0x02000e2e                mmUnlockChannels
                0x02000e34                mmStart
                0x02000e3e                mmPause
                0x02000e42                mmResume
                0x02000e46                mmStop
                0x02000e4a                mmPosition
                0x02000e4e                mmJingle
                0x02000e52                mmSetModuleVolume
                0x02000e56                mmSetJingleVolume
                0x02000e5a                mmSetModuleTempo
                0x02000e5e                mmSetModulePitch
                0x02000e62                mmSetEffectsVolume
                0x02000e66                mmSelectMode
                0x02000e6a                mmStreamBegin
                0x02000e7e                mmStreamEnd
                0x02000ed4                mmEffect
                0x02000ef8                mmEffectVolume
                0x02000efc                mmEffectPanning
                0x02000f00                mmEffectRate
                0x02000f0a                mmEffectScaleRate
                0x02000f14                mmEffectRelease
                0x02000f1a                mmEffectCancel
                0x02000f20                mmEffectEx
                0x02000f5e                mmEffectCancelAll
                0x02000f62                mmReverbEnable
                0x02000f66                mmReverbDisable
                0x02000f6a                mmReverbConfigure
                0x02000fc6                mmReverbStart
                0x02000fca                mmReverbStop
 .text          0x02001018      0x108 c:/devkitPro/libnds/lib\libmm9.a(mm_main9.o)
                0x02001018                mmActive
                0x0200101e                mmSetEventHandler
                0x02001024                mmInit
                0x0200104e                mmInitDefault
                0x02001098                mmInitDefaultMem
                0x020010ba                mmSuspendIRQ_t
                0x020010d8                mmRestoreIRQ_t
 .text          0x02001120      0x120 c:/devkitPro/libnds/lib\libmm9.a(mm_memory.o)
                0x02001120                mmLoad
                0x02001170                mmUnload
                0x020011c8                mmLoadEffect
                0x02001200                mmUnloadEffect
 .text          0x02001240      0x100 c:/devkitPro/libnds/lib\libmm9.a(mm_soundbank.o)
                0x02001240                mmSoundBankInMemory
                0x02001248                mmSoundBankInFiles
                0x0200125a                mmSetCustomSoundBankHandler
                0x02001286                mmsHandleFileOp
 .text          0x02001340       0x3c c:/devkitPro/libnds/lib\libmm9.a(mm_flusher.o)
                0x02001340                mmFlushBank
 .text          0x0200137c      0x2e8 c:/devkitPro/libnds/lib\libnds9.a(background.o)
                0x0200137c                bgIsText
                0x02001388                checkIfText
                0x020013e0                bgUpdate
                0x020014d4                bgInit_call
                0x02001598                bgInitSub_call
 .text          0x02001664      0xa4c c:/devkitPro/libnds/lib\libnds9.a(console.o)
                0x02001704                nocash_write
                0x02001714                consoleGetDefault
                0x02001720                consoleSelect
                0x02001730                consoleDebugInit
                0x02001780                consolePrintChar
                0x0200194c                consoleLoadFont
                0x02001bd4                consoleSetFont
                0x02001bf4                consoleInit
                0x02001d5c                consoleDemoInit
                0x02001da0                con_write
                0x0200207c                consoleClear
                0x0200208c                consoleSetWindow
 .text          0x020020b0       0x84 c:/devkitPro/libnds/lib\libnds9.a(decompress.o)
                0x020020b0                getHeader
                0x020020b4                readByte
                0x020020b8                decompress
                0x020020f8                decompressStream
 .text          0x02002134       0xf4 c:/devkitPro/libnds/lib\libnds9.a(keys.o)
                0x02002134                scanKeys
                0x020021a0                keysHeld
                0x020021ac                keysDown
                0x020021bc                keysDownRepeat
                0x020021cc                keysSetRepeat
                0x020021e4                keysUp
                0x020021f4                keysCurrent
 .text          0x02002228      0x3f4 c:/devkitPro/libnds/lib\libnds9.a(sprite.o)
                0x02002228                oamInit
                0x0200233c                oamDisable
                0x0200236c                oamEnable
                0x02002390                oamGetGfxPtr
                0x020023c4                oamClear
                0x020023ec                oamGfxPtrToOffset
                0x02002420                oamSet
                0x02002570                oamUpdate
                0x020025d0                oamRotateScale
 .text          0x0200261c      0x450 c:/devkitPro/libnds/lib\libnds9.a(sprite_alloc.o)
                0x0200264c                oamAllocReset
                0x02002680                oamAllocateGfx
                0x02002884                oamFreeGfx
                0x02002a20                oamCountFragments
 .text          0x02002a6c       0x4c c:/devkitPro/libnds/lib\libnds9.a(touch.o)
                0x02002a6c                touchRead
                0x02002a94                touchReadXY
 .text          0x02002ab8      0x244 c:/devkitPro/libnds/lib\libnds9.a(trig.o)
                0x02002ab8                asinComp
                0x02002ae0                sinLutLookup
                0x02002b1c                sinLerp
                0x02002b54                cosLerp
                0x02002b68                tanLutLookup
                0x02002ba0                tanLerp
                0x02002c44                asinLerp
                0x02002cc0                acosLerp
                0x02002cd4                atanComp
 .text          0x02002cfc      0x140 c:/devkitPro/libnds/lib\libnds9.a(initSystem.o)
                0x02002cfc                initSystem
 .text          0x02002e3c      0xc58 c:/devkitPro/libnds/lib\libnds9.a(fifosystem.o)
                0x02003090                fifoSendAddress
                0x020030bc                fifoSendValue32
                0x020030fc                fifoSendDatamsg
                0x0200316c                fifoGetAddress
                0x020031e4                fifoSetAddressHandler
                0x02003258                fifoGetValue32
                0x020032cc                fifoSetValue32Handler
                0x02003340                fifoGetDatamsg
                0x020037c4                fifoSetDatamsgHandler
                0x0200385c                fifoCheckAddress
                0x02003880                fifoCheckDatamsg
                0x020038a4                fifoCheckValue32
                0x020038c8                fifoInit
 .text          0x02003a94      0x1ec c:/devkitPro/libnds/lib\libnds9.a(interrupts.o)
                0x02003a94                irqDummy
                0x02003a98                irqSet
                0x02003b04                irqInit
                0x02003b50                irqInitHandler
                0x02003b80                irqEnable
                0x02003be4                irqDisable
                0x02003c48                irqClear
 .text          0x02003c80       0x58 c:/devkitPro/libnds/lib\libnds9.a(libnds_exit.arm.o)
                0x02003c80                systemErrorExit
                0x02003c84                __libnds_exit
 .text          0x02003cd8       0x1c c:/devkitPro/libnds/lib\libnds9.a(syscalls.o)
                0x02003cd8                swiDecompressLZSSVram
 .text          0x02003cf4       0x70 c:/devkitPro/libnds/lib\libnds9.a(dcache.o)
                0x02003cf4                DC_FlushAll
                0x02003d20                DC_FlushRange
                0x02003d3c                DC_InvalidateAll
                0x02003d48                DC_InvalidateRange
 .text          0x02003d64      0x1b4 c:/devkitPro/libnds/lib\libnds9.a(mpu_setup.o)
                0x02003d64                __libnds_mpu_setup
                0x02003ea4                memCached
                0x02003ebc                memUncached
 *fill*         0x02003f18        0x8 ff
 .text          0x02003f20       0x70 c:/devkitPro/libnds/lib\libnds9.a(biosCalls.o)
                0x02003f20                swiDelay
                0x02003f24                swiIntrWait
                0x02003f28                swiWaitForVBlank
                0x02003f2c                swiSleep
                0x02003f30                swiChangeSoundBias
                0x02003f34                swiDivide
                0x02003f38                swiRemainder
                0x02003f3e                swiDivMod
                0x02003f4a                swiCopy
                0x02003f4e                swiFastCopy
                0x02003f52                swiSqrt
                0x02003f56                swiCRC16
                0x02003f5a                swiIsDebugger
                0x02003f5e                swiUnpackBits
                0x02003f62                swiDecompressLZSSWram
                0x02003f66                swiDecompressLZSSVramNTR
                0x02003f6a                swiDecompressLZSSVramTWL
                0x02003f6e                swiDecompressHuffman
                0x02003f72                swiDecompressRLEWram
                0x02003f76                swiDecompressRLEVram
                0x02003f7a                swiWaitForIRQ
                0x02003f7e                swiDecodeDelta8
                0x02003f82                swiDecodeDelta16
                0x02003f86                swiSetHaltCR
 .text          0x02003f90       0xa4 c:/devkitPro/libnds/lib\libnds9.a(debugprint.o)
                0x02003f90                nocashWrite
                0x02003f92                nocashMessage
 .text          0x02004034        0x0 c:/devkitPro/libnds/lib\libnds9.a(interruptDispatcher.o)
 *fill*         0x02004034        0xc ff
 .text          0x02004040       0x30 c:/devkitPro/libnds/lib\libnds9.a(swiSoftReset.o)
                0x02004040                swiSoftReset
 .text          0x02004070        0x0 c:/devkitPro/libnds/lib\libnds9.a(default_font.bin.o)
 .text          0x02004070      0x128 c:/devkitPro/libnds/lib\libnds9.a(system.o)
                0x02004070                setSDcallback
                0x0200407c                systemMsgHandler
                0x020040c0                systemSleep
                0x020040d8                systemValueHandler
                0x02004114                powerOn
                0x02004140                powerOff
                0x02004168                ledBlink
                0x02004178                getBatteryLevel
 .text          0x02004198      0x1f8 c:/devkitPro/libnds/lib\libnds9.a(video.o)
                0x02004198                vramSetPrimaryBanks
                0x020041dc                vramSetMainBanks
                0x02004220                vramSetBanks_EFG
                0x02004258                vramRestorePrimaryBanks
                0x02004264                vramRestoreMainBanks
                0x02004270                vramRestoreBanks_EFG
                0x0200427c                setBrightness
                0x020042bc                vramDefault
 .text          0x02004390      0x150 c:/devkitpro/devkitarm/bin/../lib/gcc/arm-eabi/4.7.0/thumb\libgcc.a(_divsi3.o)
                0x02004390                __divsi3
                0x02004390                __aeabi_idiv
                0x020044c0                __aeabi_idivmod
 .text          0x020044e0        0x4 c:/devkitpro/devkitarm/bin/../lib/gcc/arm-eabi/4.7.0/thumb\libgcc.a(_dvmd_tls.o)
                0x020044e0                __aeabi_idiv0
                0x020044e0                __aeabi_ldiv0
 .text          0x020044e4       0x64 c:/devkitpro/devkitarm/bin/../lib/gcc/arm-eabi/4.7.0/../../../../arm-eabi/lib/thumb\libg.a(lib_a-bsearch.o)
                0x020044e4                bsearch
 .text          0x02004548       0xb0 c:/devkitpro/devkitarm/bin/../lib/gcc/arm-eabi/4.7.0/../../../../arm-eabi/lib/thumb\libg.a(lib_a-fclose.o)
                0x02004548                _fclose_r
                0x020045dc                fclose
 .text          0x020045f8      0x1b8 c:/devkitpro/devkitarm/bin/../lib/gcc/arm-eabi/4.7.0/../../../../arm-eabi/lib/thumb\libg.a(lib_a-fflush.o)
                0x020045f8                __sflush_r
                0x02004750                _fflush_r
                0x02004780                fflush
 .text          0x020047b0      0x1d8 c:/devkitpro/devkitarm/bin/../lib/gcc/arm-eabi/4.7.0/../../../../arm-eabi/lib/thumb\libg.a(lib_a-findfp.o)
                0x020047b8                _cleanup_r
                0x02004818                __sfmoreglue
                0x02004848                _cleanup
                0x0200485c                __sinit
                0x020048b0                __sfp
                0x02004940                __sfp_lock_acquire
                0x02004944                __sfp_lock_release
                0x02004948                __sinit_lock_acquire
                0x0200494c                __sinit_lock_release
                0x02004950                __fp_lock_all
                0x0200496c                __fp_unlock_all
 .text          0x02004988       0xa8 c:/devkitpro/devkitarm/bin/../lib/gcc/arm-eabi/4.7.0/../../../../arm-eabi/lib/thumb\libg.a(lib_a-fopen.o)
                0x02004988                _fopen_r
                0x02004a14                fopen
 .text          0x02004a30      0x190 c:/devkitpro/devkitarm/bin/../lib/gcc/arm-eabi/4.7.0/../../../../arm-eabi/lib/thumb\libg.a(lib_a-fread.o)
                0x02004a30                _fread_r
                0x02004b98                fread
 .text          0x02004bc0      0x238 c:/devkitpro/devkitarm/bin/../lib/gcc/arm-eabi/4.7.0/../../../../arm-eabi/lib/thumb\libg.a(lib_a-freer.o)
                0x02004bc0                _malloc_trim_r
                0x02004c64                _free_r
 .text          0x02004df8      0x328 c:/devkitpro/devkitarm/bin/../lib/gcc/arm-eabi/4.7.0/../../../../arm-eabi/lib/thumb\libg.a(lib_a-fseek.o)
                0x02004df8                _fseek_r
                0x020050fc                fseek
 .text          0x02005120       0xb4 c:/devkitpro/devkitarm/bin/../lib/gcc/arm-eabi/4.7.0/../../../../arm-eabi/lib/thumb\libg.a(lib_a-fwalk.o)
                0x02005120                _fwalk
                0x02005174                _fwalk_reent
 .text          0x020051d4        0x0 c:/devkitpro/devkitarm/bin/../lib/gcc/arm-eabi/4.7.0/../../../../arm-eabi/lib/thumb\libg.a(lib_a-impure.o)
 .text          0x020051d4       0x54 c:/devkitpro/devkitarm/bin/../lib/gcc/arm-eabi/4.7.0/../../../../arm-eabi/lib/thumb\libg.a(lib_a-init.o)
                0x020051d4                __libc_init_array
 .text          0x02005228       0x40 c:/devkitpro/devkitarm/bin/../lib/gcc/arm-eabi/4.7.0/../../../../arm-eabi/lib/thumb\libg.a(lib_a-iprintf.o)
                0x02005228                iprintf
                0x0200524c                _iprintf_r
 .text          0x02005268       0xe0 c:/devkitpro/devkitarm/bin/../lib/gcc/arm-eabi/4.7.0/../../../../arm-eabi/lib/thumb\libg.a(lib_a-makebuf.o)
                0x02005268                __smakebuf_r
 .text          0x02005348       0x30 c:/devkitpro/devkitarm/bin/../lib/gcc/arm-eabi/4.7.0/../../../../arm-eabi/lib/thumb\libg.a(lib_a-malloc.o)
                0x02005348                malloc
                0x02005360                free
 .text          0x02005378      0x51c c:/devkitpro/devkitarm/bin/../lib/gcc/arm-eabi/4.7.0/../../../../arm-eabi/lib/thumb\libg.a(lib_a-mallocr.o)
                0x02005378                _malloc_r
 .text          0x02005894       0x90 c:/devkitpro/devkitarm/bin/../lib/gcc/arm-eabi/4.7.0/../../../../arm-eabi/lib/thumb\libg.a(lib_a-memcpy-stub.o)
                0x02005894                memcpy
 .text          0x02005924       0x98 c:/devkitpro/devkitarm/bin/../lib/gcc/arm-eabi/4.7.0/../../../../arm-eabi/lib/thumb\libg.a(lib_a-memset.o)
                0x02005924                memset
 .text          0x020059bc        0x8 c:/devkitpro/devkitarm/bin/../lib/gcc/arm-eabi/4.7.0/../../../../arm-eabi/lib/thumb\libg.a(lib_a-mlock.o)
                0x020059bc                __malloc_lock
                0x020059c0                __malloc_unlock
 .text          0x020059c4       0x40 c:/devkitpro/devkitarm/bin/../lib/gcc/arm-eabi/4.7.0/../../../../arm-eabi/lib/thumb\libg.a(lib_a-printf.o)
                0x020059c4                _printf_r
                0x020059e0                printf
 .text          0x02005a04       0x1c c:/devkitpro/devkitarm/bin/../lib/gcc/arm-eabi/4.7.0/../../../../arm-eabi/lib/thumb\libg.a(lib_a-realloc.o)
                0x02005a04                realloc
 .text          0x02005a20      0x3e8 c:/devkitpro/devkitarm/bin/../lib/gcc/arm-eabi/4.7.0/../../../../arm-eabi/lib/thumb\libg.a(lib_a-reallocr.o)
                0x02005a20                _realloc_r
 .text          0x02005e08      0x144 c:/devkitpro/devkitarm/bin/../lib/gcc/arm-eabi/4.7.0/../../../../arm-eabi/lib/thumb\libg.a(lib_a-refill.o)
                0x02005e28                __srefill_r
 .text          0x02005f4c      0x120 c:/devkitpro/devkitarm/bin/../lib/gcc/arm-eabi/4.7.0/../../../../arm-eabi/lib/thumb\libg.a(lib_a-setvbuf.o)
                0x02005f4c                setvbuf
 .text          0x0200606c       0xa0 c:/devkitpro/devkitarm/bin/../lib/gcc/arm-eabi/4.7.0/../../../../arm-eabi/lib/thumb\libg.a(lib_a-siscanf.o)
                0x0200606c                siscanf
                0x020060bc                _siscanf_r
 .text          0x0200610c       0xac c:/devkitpro/devkitarm/bin/../lib/gcc/arm-eabi/4.7.0/../../../../arm-eabi/lib/thumb\libg.a(lib_a-stdio.o)
                0x0200610c                __sread
                0x02006138                __seofread
                0x0200613c                __swrite
                0x02006178                __sseek
                0x020061a8                __sclose
 .text          0x020061b8       0x10 c:/devkitpro/devkitarm/bin/../lib/gcc/arm-eabi/4.7.0/../../../../arm-eabi/lib/thumb\libg.a(lib_a-strlen.o)
                0x020061b8                strlen
 .text          0x020061c8      0xa98 c:/devkitpro/devkitarm/bin/../lib/gcc/arm-eabi/4.7.0/../../../../arm-eabi/lib/thumb\libg.a(lib_a-svfiscanf.o)
                0x020061c8                _sungetc_r
                0x02006250                __ssrefill_r
                0x02006294                _sfread_r
                0x02006320                __ssvfiscanf_r
 .text          0x02006c60      0x188 c:/devkitpro/devkitarm/bin/../lib/gcc/arm-eabi/4.7.0/../../../../arm-eabi/lib/thumb\libg.a(lib_a-ungetc.o)
                0x02006c60                __submore
                0x02006ce8                _ungetc_r
                0x02006dcc                ungetc
 .text          0x02006de8      0xed4 c:/devkitpro/devkitarm/bin/../lib/gcc/arm-eabi/4.7.0/../../../../arm-eabi/lib/thumb\libg.a(lib_a-vfiprintf.o)
                0x02006de8                __sprint_r
                0x02006e6c                _vfiprintf_r
                0x02007c98                vfiprintf
 *fill*         0x02007cbc        0x4 ff
 .text          0x02007cc0     0x17e0 c:/devkitpro/devkitarm/bin/../lib/gcc/arm-eabi/4.7.0/../../../../arm-eabi/lib/thumb\libg.a(lib_a-vfprintf.o)
                0x02007cc0                _vfprintf_r
                0x02009478                vfprintf
 .text          0x020094a0       0xe8 c:/devkitpro/devkitarm/bin/../lib/gcc/arm-eabi/4.7.0/../../../../arm-eabi/lib/thumb\libg.a(lib_a-wcrtomb.o)
                0x020094a0                _wcrtomb_r
                0x02009508                wcrtomb
 .text          0x02009588       0x40 c:/devkitpro/devkitarm/bin/../lib/gcc/arm-eabi/4.7.0/../../../../arm-eabi/lib/thumb\libg.a(lib_a-wcsrtombs.o)
                0x02009588                _wcsrtombs_r
                0x020095a0                wcsrtombs
 .text          0x020095c8      0x2a4 c:/devkitpro/devkitarm/bin/../lib/gcc/arm-eabi/4.7.0/../../../../arm-eabi/lib/thumb\libg.a(lib_a-wctomb_r.o)
                0x020095c8                __utf8_wctomb
                0x0200967c                _wctomb_r
                0x020096b4                __ascii_wctomb
                0x020096d4                __sjis_wctomb
                0x02009750                __eucjp_wctomb
                0x020097ec                __jis_wctomb
 .text          0x0200986c       0xd0 c:/devkitpro/devkitarm/bin/../lib/gcc/arm-eabi/4.7.0/../../../../arm-eabi/lib/thumb\libg.a(lib_a-wsetup.o)
                0x0200986c                __swsetup_r
 .text          0x0200993c       0x10 c:/devkitpro/devkitarm/bin/../lib/gcc/arm-eabi/4.7.0/../../../../arm-eabi/lib/thumb\libg.a(lib_a-ctype_.o)
                0x0200993c                __set_ctype
 *fill*         0x0200994c        0x4 ff
 .text          0x02009950     0x10a8 c:/devkitpro/devkitarm/bin/../lib/gcc/arm-eabi/4.7.0/../../../../arm-eabi/lib/thumb\libg.a(lib_a-dtoa.o)
                0x02009ab0                _dtoa_r
 .text          0x0200a9f8       0x70 c:/devkitpro/devkitarm/bin/../lib/gcc/arm-eabi/4.7.0/../../../../arm-eabi/lib/thumb\libg.a(lib_a-flags.o)
                0x0200a9f8                __sflags
 .text          0x0200aa68      0x104 c:/devkitpro/devkitarm/bin/../lib/gcc/arm-eabi/4.7.0/../../../../arm-eabi/lib/thumb\libg.a(lib_a-fputwc.o)
                0x0200aa68                _fputwc_r
                0x0200ab40                fputwc
 .text          0x0200ab6c      0x2fc c:/devkitpro/devkitarm/bin/../lib/gcc/arm-eabi/4.7.0/../../../../arm-eabi/lib/thumb\libg.a(lib_a-fvwrite.o)
                0x0200ab6c                __sfvwrite_r
 .text          0x0200ae68       0x78 c:/devkitpro/devkitarm/bin/../lib/gcc/arm-eabi/4.7.0/../../../../arm-eabi/lib/thumb\libg.a(lib_a-iswspace.o)
                0x0200ae68                iswspace
 .text          0x0200aee0      0x1f0 c:/devkitpro/devkitarm/bin/../lib/gcc/arm-eabi/4.7.0/../../../../arm-eabi/lib/thumb\libg.a(lib_a-jp2uc.o)
                0x0200b06c                _jp2uc
 .text          0x0200b0d0      0x950 c:/devkitpro/devkitarm/bin/../lib/gcc/arm-eabi/4.7.0/../../../../arm-eabi/lib/thumb\libg.a(lib_a-locale.o)
                0x0200b7c4                _setlocale_r
                0x0200b9c0                __locale_charset
                0x0200b9c8                __locale_mb_cur_max
                0x0200b9d4                __locale_msgcharset
                0x0200b9e0                __locale_cjk_lang
                0x0200b9ec                _localeconv_r
                0x0200b9f8                setlocale
                0x0200ba14                localeconv
 .text          0x0200ba20      0x104 c:/devkitpro/devkitarm/bin/../lib/gcc/arm-eabi/4.7.0/../../../../arm-eabi/lib/thumb\libg.a(lib_a-mbrtowc.o)
                0x0200ba20                _mbrtowc_r
                0x0200ba98                mbrtowc
 .text          0x0200bb24      0x584 c:/devkitpro/devkitarm/bin/../lib/gcc/arm-eabi/4.7.0/../../../../arm-eabi/lib/thumb\libg.a(lib_a-mbtowc_r.o)
                0x0200bb24                __utf8_mbtowc
                0x0200bd84                _mbtowc_r
                0x0200bdc0                __ascii_mbtowc
                0x0200bdf0                __sjis_mbtowc
                0x0200beb0                __eucjp_mbtowc
                0x0200bf78                __jis_mbtowc
 .text          0x0200c0a8       0x98 c:/devkitpro/devkitarm/bin/../lib/gcc/arm-eabi/4.7.0/../../../../arm-eabi/lib/thumb\libg.a(lib_a-memchr-stub.o)
                0x0200c0a8                memchr
 .text          0x0200c140       0xb0 c:/devkitpro/devkitarm/bin/../lib/gcc/arm-eabi/4.7.0/../../../../arm-eabi/lib/thumb\libg.a(lib_a-memmove.o)
                0x0200c140                memmove
 .text          0x0200c1f0      0x9a0 c:/devkitpro/devkitarm/bin/../lib/gcc/arm-eabi/4.7.0/../../../../arm-eabi/lib/thumb\libg.a(lib_a-mprec.o)
                0x0200c1f0                _Balloc
                0x0200c244                _Bfree
                0x0200c25c                __multadd
                0x0200c308                __s2b
                0x0200c3a4                __hi0bits
                0x0200c3dc                __lo0bits
                0x0200c43c                __i2b
                0x0200c454                __multiply
                0x0200c5c0                __pow5mult
                0x0200c670                __lshift
                0x0200c740                __mcmp
                0x0200c77c                __mdiff
                0x0200c86c                __ulp
                0x0200c8b4                __b2d
                0x0200c96c                __d2b
                0x0200ca24                __ratio
                0x0200caa0                _mprec_log10
                0x0200cae4                __copybits
                0x0200cb2c                __any_on
 .text          0x0200cb90       0x7c c:/devkitpro/devkitarm/bin/../lib/gcc/arm-eabi/4.7.0/../../../../arm-eabi/lib/thumb\libg.a(lib_a-sccl.o)
                0x0200cb90                __sccl
 .text          0x0200cc0c       0x5c c:/devkitpro/devkitarm/bin/../lib/gcc/arm-eabi/4.7.0/../../../../arm-eabi/lib/thumb\libg.a(lib_a-s_fpclassify.o)
                0x0200cc0c                __fpclassifyd
 .text          0x0200cc68       0x50 c:/devkitpro/devkitarm/bin/../lib/gcc/arm-eabi/4.7.0/../../../../arm-eabi/lib/thumb\libg.a(lib_a-strcasecmp.o)
                0x0200cc68                strcasecmp
 .text          0x0200ccb8       0x50 c:/devkitpro/devkitarm/bin/../lib/gcc/arm-eabi/4.7.0/../../../../arm-eabi/lib/thumb\libg.a(lib_a-strcat.o)
                0x0200ccb8                strcat
 .text          0x0200cd08       0xd4 c:/devkitpro/devkitarm/bin/../lib/gcc/arm-eabi/4.7.0/../../../../arm-eabi/lib/thumb\libg.a(lib_a-strchr.o)
                0x0200cd08                strchr
 .text          0x0200cddc       0x14 c:/devkitpro/devkitarm/bin/../lib/gcc/arm-eabi/4.7.0/../../../../arm-eabi/lib/thumb\libg.a(lib_a-strcmp.o)
                0x0200cddc                strcmp
 .text          0x0200cdf0       0x10 c:/devkitpro/devkitarm/bin/../lib/gcc/arm-eabi/4.7.0/../../../../arm-eabi/lib/thumb\libg.a(lib_a-strcpy.o)
                0x0200cdf0                strcpy
 .text          0x0200ce00       0x48 c:/devkitpro/devkitarm/bin/../lib/gcc/arm-eabi/4.7.0/../../../../arm-eabi/lib/thumb\libg.a(lib_a-strlcpy.o)
                0x0200ce00                strlcpy
 .text          0x0200ce48       0x60 c:/devkitpro/devkitarm/bin/../lib/gcc/arm-eabi/4.7.0/../../../../arm-eabi/lib/thumb\libg.a(lib_a-strncasecmp.o)
                0x0200ce48                strncasecmp
 .text          0x0200cea8       0xbc c:/devkitpro/devkitarm/bin/../lib/gcc/arm-eabi/4.7.0/../../../../arm-eabi/lib/thumb\libg.a(lib_a-strncmp.o)
                0x0200cea8                strncmp
 .text          0x0200cf64       0x60 c:/devkitpro/devkitarm/bin/../lib/gcc/arm-eabi/4.7.0/../../../../arm-eabi/lib/thumb\libg.a(lib_a-strncpy.o)
                0x0200cf64                strncpy
 *fill*         0x0200cfc4        0x4 ff
 .text          0x0200cfc8      0x208 c:/devkitpro/devkitarm/bin/../lib/gcc/arm-eabi/4.7.0/../../../../arm-eabi/lib/thumb\libg.a(lib_a-strtoll_r.o)
                0x0200cfc8                _strtoll_r
 .text          0x0200d1d0      0x190 c:/devkitpro/devkitarm/bin/../lib/gcc/arm-eabi/4.7.0/../../../../arm-eabi/lib/thumb\libg.a(lib_a-strtol.o)
                0x0200d1d0                _strtol_r
                0x0200d340                strtol
 .text          0x0200d360      0x238 c:/devkitpro/devkitarm/bin/../lib/gcc/arm-eabi/4.7.0/../../../../arm-eabi/lib/thumb\libg.a(lib_a-strtoull_r.o)
                0x0200d360                _strtoull_r
 .text          0x0200d598      0x198 c:/devkitpro/devkitarm/bin/../lib/gcc/arm-eabi/4.7.0/../../../../arm-eabi/lib/thumb\libg.a(lib_a-strtoul.o)
                0x0200d598                _strtoul_r
                0x0200d710                strtoul
 .text          0x0200d730       0xd0 c:/devkitpro/devkitarm/bin/../lib/gcc/arm-eabi/4.7.0/../../../../arm-eabi/lib/thumb\libg.a(lib_a-wbuf.o)
                0x0200d730                __swbuf_r
                0x0200d7e4                __swbuf
 .text          0x0200d800      0x150 c:/devkitpro/devkitarm/bin/../lib/gcc/arm-eabi/4.7.0/../../../../arm-eabi/lib/thumb\libg.a(lib_a-wcsnrtombs.o)
                0x0200d800                _wcsnrtombs_r
                0x0200d920                wcsnrtombs
 .text          0x0200d950       0x64 c:/devkitpro/devkitarm/bin/../lib/gcc/arm-eabi/4.7.0/../../../../arm-eabi/lib/thumb\libg.a(lib_a-callocr.o)
                0x0200d950                _calloc_r
 .text          0x0200d9b4       0xa8 c:/devkitpro/devkitarm/bin/../lib/gcc/arm-eabi/4.7.0/../../../../arm-eabi/lib/thumb\libg.a(lib_a-getenv_r.o)
                0x0200d9b4                _findenv_r
                0x0200da4c                _getenv_r
 .text          0x0200da5c        0x0 c:/devkitpro/devkitarm/bin/../lib/gcc/arm-eabi/4.7.0/../../../../arm-eabi/lib/thumb\libg.a(lib_a-environ.o)
 .text          0x0200da5c        0x8 c:/devkitpro/devkitarm/bin/../lib/gcc/arm-eabi/4.7.0/../../../../arm-eabi/lib/thumb\libg.a(lib_a-envlock.o)
                0x0200da5c                __env_lock
                0x0200da60                __env_unlock
 .text          0x0200da64      0x144 c:/devkitpro/devkitarm/bin/../lib/gcc/arm-eabi/4.7.0/../../../../arm-eabi/lib/thumb\libsysbase.a(iosupport.o)
                0x0200da64                setDefaultDevice
                0x0200da78                FindDevice
                0x0200dae8                RemoveDevice
                0x0200db0c                AddDevice
                0x0200db88                GetDeviceOpTab
 .text          0x0200dba8       0x50 c:/devkitpro/devkitarm/bin/../lib/gcc/arm-eabi/4.7.0/../../../../arm-eabi/lib/thumb\libsysbase.a(close.o)
                0x0200dba8                _close_r
 .text          0x0200dbf8       0x50 c:/devkitpro/devkitarm/bin/../lib/gcc/arm-eabi/4.7.0/../../../../arm-eabi/lib/thumb\libsysbase.a(fstat.o)
                0x0200dbf8                _fstat_r
 .text          0x0200dc48        0x4 c:/devkitpro/devkitarm/bin/../lib/gcc/arm-eabi/4.7.0/../../../../arm-eabi/lib/thumb\libsysbase.a(isatty.o)
                0x0200dc48                _isatty_r
 .text          0x0200dc4c       0x50 c:/devkitpro/devkitarm/bin/../lib/gcc/arm-eabi/4.7.0/../../../../arm-eabi/lib/thumb\libsysbase.a(lseek.o)
                0x0200dc4c                _lseek_r
 .text          0x0200dc9c       0xa0 c:/devkitpro/devkitarm/bin/../lib/gcc/arm-eabi/4.7.0/../../../../arm-eabi/lib/thumb\libsysbase.a(open.o)
                0x0200dc9c                _open_r
 .text          0x0200dd3c       0x50 c:/devkitpro/devkitarm/bin/../lib/gcc/arm-eabi/4.7.0/../../../../arm-eabi/lib/thumb\libsysbase.a(read.o)
                0x0200dd3c                _read_r
 .text          0x0200dd8c       0x54 c:/devkitpro/devkitarm/bin/../lib/gcc/arm-eabi/4.7.0/../../../../arm-eabi/lib/thumb\libsysbase.a(sbrk.o)
                0x0200dd8c                _sbrk_r
 .text          0x0200dde0       0x44 c:/devkitpro/devkitarm/bin/../lib/gcc/arm-eabi/4.7.0/../../../../arm-eabi/lib/thumb\libsysbase.a(times.o)
                0x0200dde0                _times
                0x0200ddf4                _times_r
                0x0200ddfc                _gettimeofday_r
 .text          0x0200de24       0x58 c:/devkitpro/devkitarm/bin/../lib/gcc/arm-eabi/4.7.0/../../../../arm-eabi/lib/thumb\libsysbase.a(write.o)
                0x0200de24                _write_r
 .text          0x0200de7c        0x0 c:/devkitpro/devkitarm/bin/../lib/gcc/arm-eabi/4.7.0/../../../../arm-eabi/lib/thumb\libsysbase.a(malloc_vars.o)
 .text          0x0200de7c       0x4c c:/devkitpro/devkitarm/bin/../lib/gcc/arm-eabi/4.7.0/../../../../arm-eabi/lib/thumb\libsysbase.a(build_argv.o)
                0x0200de7c                build_argv
 .text          0x0200dec8        0x0 c:/devkitpro/devkitarm/bin/../lib/gcc/arm-eabi/4.7.0/../../../../arm-eabi/lib/thumb\libsysbase.a(syscall_support.o)
 .text          0x0200dec8       0x84 c:/devkitpro/devkitarm/bin/../lib/gcc/arm-eabi/4.7.0/../../../../arm-eabi/lib/thumb\libsysbase.a(handle_manager.o)
                0x0200dec8                __release_handle
                0x0200def4                __alloc_handle
                0x0200df2c                __get_handle
 .text          0x0200df4c      0x11c c:/devkitpro/devkitarm/bin/../lib/gcc/arm-eabi/4.7.0/thumb\libgcc.a(_udivsi3.o)
                0x0200df4c                __aeabi_uidiv
                0x0200df4c                __udivsi3
                0x0200e048                __aeabi_uidivmod
 .text          0x0200e068      0x41c c:/devkitpro/devkitarm/bin/../lib/gcc/arm-eabi/4.7.0/thumb\libgcc.a(_arm_addsubdf3.o)
                0x0200e068                __aeabi_drsub
                0x0200e070                __aeabi_dsub
                0x0200e070                __subdf3
                0x0200e074                __aeabi_dadd
                0x0200e074                __adddf3
                0x0200e384                __floatunsidf
                0x0200e384                __aeabi_ui2d
                0x0200e3a8                __floatsidf
                0x0200e3a8                __aeabi_i2d
                0x0200e3d0                __aeabi_f2d
                0x0200e3d0                __extendsfdf2
                0x0200e410                __floatundidf
                0x0200e410                __aeabi_ul2d
                0x0200e424                __floatdidf
                0x0200e424                __aeabi_l2d
 .text          0x0200e484      0x49c c:/devkitpro/devkitarm/bin/../lib/gcc/arm-eabi/4.7.0/thumb\libgcc.a(_arm_muldivdf3.o)
                0x0200e484                __aeabi_dmul
                0x0200e484                __muldf3
                0x0200e714                __divdf3
                0x0200e714                __aeabi_ddiv
 .text          0x0200e920      0x144 c:/devkitpro/devkitarm/bin/../lib/gcc/arm-eabi/4.7.0/thumb\libgcc.a(_arm_cmpdf2.o)
                0x0200e920                __gtdf2
                0x0200e920                __gedf2
                0x0200e928                __ltdf2
                0x0200e928                __ledf2
                0x0200e930                __nedf2
                0x0200e930                __eqdf2
                0x0200e930                __cmpdf2
                0x0200e9b8                __aeabi_cdrcmple
                0x0200e9d4                __aeabi_cdcmpeq
                0x0200e9d4                __aeabi_cdcmple
                0x0200e9ec                __aeabi_dcmpeq
                0x0200ea04                __aeabi_dcmplt
                0x0200ea1c                __aeabi_dcmple
                0x0200ea34                __aeabi_dcmpge
                0x0200ea4c                __aeabi_dcmpgt
 .text          0x0200ea64       0x5c c:/devkitpro/devkitarm/bin/../lib/gcc/arm-eabi/4.7.0/thumb\libgcc.a(_arm_fixdfsi.o)
                0x0200ea64                __aeabi_d2iz
                0x0200ea64                __fixdfsi
 .text          0x0200eac0       0x3c c:/devkitpro/devkitarm/bin/../lib/gcc/arm-eabi/4.7.0/thumb\libgcc.a(_aeabi_uldivmod.o)
                0x0200eac0                __aeabi_uldivmod
 .text          0x0200eafc       0x4c c:/devkitpro/devkitarm/bin/../lib/gcc/arm-eabi/4.7.0/thumb\libgcc.a(_muldi3.o)
                0x0200eafc                __muldi3
                0x0200eafc                __aeabi_lmul
 .text          0x0200eb48       0x7c c:/devkitpro/devkitarm/bin/../lib/gcc/arm-eabi/4.7.0/thumb\libgcc.a(bpabi.o)
                0x0200eb48                __gnu_ldivmod_helper
                0x0200eb88                __gnu_uldivmod_helper
 .text          0x0200ebc4      0x3d4 c:/devkitpro/devkitarm/bin/../lib/gcc/arm-eabi/4.7.0/thumb\libgcc.a(_divdi3.o)
                0x0200ebc4                __divdi3
 .text          0x0200ef98      0x3a0 c:/devkitpro/devkitarm/bin/../lib/gcc/arm-eabi/4.7.0/thumb\libgcc.a(_udivdi3.o)
                0x0200ef98                __udivdi3
 .text          0x0200f338      0xab4 c:/devkitpro/devkitarm/bin/../lib/gcc/arm-eabi/4.7.0/thumb\libgcc.a(unwind-arm.o)
                0x0200f634                _Unwind_GetCFA
                0x0200f638                __gnu_Unwind_RaiseException
                0x0200f698                __gnu_Unwind_ForcedUnwind
                0x0200f6b0                __gnu_Unwind_Resume
                0x0200f6f8                __gnu_Unwind_Resume_or_Rethrow
                0x0200f718                _Unwind_Complete
                0x0200f71c                _Unwind_DeleteException
                0x0200f734                _Unwind_VRS_Get
                0x0200f780                _Unwind_VRS_Set
                0x0200fadc                __aeabi_unwind_cpp_pr2
                0x0200faec                __aeabi_unwind_cpp_pr1
                0x0200fafc                __aeabi_unwind_cpp_pr0
                0x0200fb0c                __gnu_Unwind_Backtrace
                0x0200fb80                _Unwind_VRS_Pop
 .text          0x0200fdec      0x1d8 c:/devkitpro/devkitarm/bin/../lib/gcc/arm-eabi/4.7.0/thumb\libgcc.a(libunwind.o)
                0x0200fdec                __restore_core_regs
                0x0200fdec                restore_core_regs
                0x0200fe08                __gnu_Unwind_Restore_VFP
                0x0200fe10                __gnu_Unwind_Save_VFP
                0x0200fe18                __gnu_Unwind_Restore_VFP_D
                0x0200fe20                __gnu_Unwind_Save_VFP_D
                0x0200fe28                __gnu_Unwind_Restore_VFP_D_16_to_31
                0x0200fe30                __gnu_Unwind_Save_VFP_D_16_to_31
                0x0200fe38                __gnu_Unwind_Restore_WMMXD
                0x0200fe7c                __gnu_Unwind_Save_WMMXD
                0x0200fec0                __gnu_Unwind_Restore_WMMXC
                0x0200fed4                __gnu_Unwind_Save_WMMXC
                0x0200fee8                ___Unwind_RaiseException
                0x0200fee8                _Unwind_RaiseException
                0x0200ff14                _Unwind_Resume
                0x0200ff14                ___Unwind_Resume
                0x0200ff40                _Unwind_Resume_or_Rethrow
                0x0200ff40                ___Unwind_Resume_or_Rethrow
                0x0200ff6c                _Unwind_ForcedUnwind
                0x0200ff6c                ___Unwind_ForcedUnwind
                0x0200ff98                ___Unwind_Backtrace
                0x0200ff98                _Unwind_Backtrace
 .text          0x0200ffc4      0x3e0 c:/devkitpro/devkitarm/bin/../lib/gcc/arm-eabi/4.7.0/thumb\libgcc.a(pr-support.o)
                0x02010020                __gnu_unwind_execute
                0x02010340                __gnu_unwind_frame
                0x0201036c                _Unwind_GetRegionStart
                0x0201037c                _Unwind_GetLanguageSpecificData
                0x02010394                _Unwind_GetDataRelBase
                0x0201039c                _Unwind_GetTextRelBase
 .text          0x020103a4       0x48 c:/devkitpro/devkitarm/bin/../lib/gcc/arm-eabi/4.7.0/thumb\libgcc.a(_clzsi2.o)
                0x020103a4                __clzsi2
 .text          0x020103ec       0x10 c:/devkitpro/devkitarm/bin/../lib/gcc/arm-eabi/4.7.0/../../../../arm-eabi/lib/thumb\libg.a(lib_a-abort.o)
                0x020103ec                abort
 .text          0x020103fc        0xc c:/devkitpro/devkitarm/bin/../lib/gcc/arm-eabi/4.7.0/../../../../arm-eabi/lib/thumb\libg.a(lib_a-errno.o)
                0x020103fc                __errno
 .text          0x02010408      0x198 c:/devkitpro/devkitarm/bin/../lib/gcc/arm-eabi/4.7.0/../../../../arm-eabi/lib/thumb\libg.a(lib_a-signal.o)
                0x02010408                _init_signal_r
                0x02010448                _signal_r
                0x02010488                _raise_r
                0x020104e8                __sigtramp_r
                0x0201053c                raise
                0x02010554                signal
                0x02010570                _init_signal
                0x02010584                __sigtramp
 .text          0x020105a0        0xc c:/devkitpro/devkitarm/bin/../lib/gcc/arm-eabi/4.7.0/../../../../arm-eabi/lib/thumb\libsysbase.a(getpid.o)
                0x020105a0                _getpid_r
 .text          0x020105ac        0xc c:/devkitpro/devkitarm/bin/../lib/gcc/arm-eabi/4.7.0/../../../../arm-eabi/lib/thumb\libsysbase.a(kill.o)
                0x020105ac                _kill_r
 .text          0x020105b8       0x18 c:/devkitpro/devkitarm/bin/../lib/gcc/arm-eabi/4.7.0/../../../../arm-eabi/lib/thumb\libsysbase.a(_exit.o)
                0x020105b8                _exit
 .text          0x020105d0        0x0 c:/devkitpro/devkitarm/bin/../lib/gcc/arm-eabi/4.7.0/thumb/crtend.o
 .text          0x020105d0        0x0 c:/devkitpro/devkitarm/bin/../lib/gcc/arm-eabi/4.7.0/thumb/crtn.o
 *(.text.*)
 .text.startup  0x020105d0      0x4b0 main.o
                0x020105d0                main
 .text.startup.stub
                0x02010a80      0x128 linker stubs
 *(.stub)
 *(.gnu.warning)
 *(.gnu.linkonce.t*)
 *(.glue_7)
 .glue_7        0x00000000        0x0 linker stubs
 *(.glue_7t)
 .glue_7t       0x00000000        0x0 linker stubs
                0x02010ba8                . = ALIGN (0x4)

.vfp11_veneer   0x02010bb8        0x0
 .vfp11_veneer  0x00000000        0x0 linker stubs

.v4_bx          0x02010bb8        0x0
 .v4_bx         0x00000000        0x0 linker stubs

.iplt           0x02010bb8        0x0
 .iplt          0x00000000        0x0 c:/devkitpro/devkitarm/bin/../lib/gcc/arm-eabi/4.7.0/../../../../arm-eabi/lib/thumb/ds_arm9_crt0.o

.fini           0x02010bb8        0xc
 *(.fini)
 .fini          0x02010bb8        0x4 c:/devkitpro/devkitarm/bin/../lib/gcc/arm-eabi/4.7.0/thumb/crti.o
                0x02010bb8                _fini
 .fini          0x02010bbc        0x8 c:/devkitpro/devkitarm/bin/../lib/gcc/arm-eabi/4.7.0/thumb/crtn.o
                0x02010bc4                __text_end = .

.rodata         0x02010bc8   0x3c1894
 *(.rodata)
 .rodata        0x02010bc8   0x3b1a1c soundbank.bin.o
                0x02010bc8                soundbank_bin
                0x023c25e0                soundbank_bin_size
                0x023c25e0                soundbank_bin_end
 .rodata        0x023c25e4     0x2d60 MainBg.o
                0x023c25e4                MainBgBitmap
 .rodata        0x023c5344      0x820 bluesbrothers.o
                0x023c5344                bluesbrothersTiles
                0x023c5b44                bluesbrothersPal
 .rodata        0x023c5b64      0x820 bttf.o
                0x023c5b64                bttfTiles
                0x023c6364                bttfPal
 .rodata        0x023c6384      0x820 butthead.o
                0x023c6384                buttheadTiles
                0x023c6b84                buttheadPal
 .rodata        0x023c6ba4      0x820 chewbacca.o
                0x023c6ba4                chewbaccaTiles
                0x023c73a4                chewbaccaPal
 .rodata        0x023c73c4      0x820 dsotm.o
                0x023c73c4                dsotmTiles
                0x023c7bc4                dsotmPal
 .rodata        0x023c7be4      0x820 duck.o
                0x023c7be4                duckTiles
                0x023c83e4                duckPal
 .rodata        0x023c8404      0x820 eastwood.o
                0x023c8404                eastwoodTiles
                0x023c8c04                eastwoodPal
 .rodata        0x023c8c24      0x820 gong.o
                0x023c8c24                gongTiles
                0x023c9424                gongPal
 .rodata        0x023c9444      0x820 leftButtonOff.o
                0x023c9444                leftButtonOffTiles
                0x023c9c44                leftButtonOffPal
 .rodata        0x023c9c64      0x820 leftButtonOn.o
                0x023c9c64                leftButtonOnTiles
                0x023ca464                leftButtonOnPal
 .rodata        0x023ca484      0x820 mario.o
                0x023ca484                marioTiles
                0x023cac84                marioPal
 .rodata        0x023caca4      0x820 rightButtonOff.o
                0x023caca4                rightButtonOffTiles
                0x023cb4a4                rightButtonOffPal
 .rodata        0x023cb4c4      0x820 rightButtonOn.o
                0x023cb4c4                rightButtonOnTiles
                0x023cbcc4                rightButtonOnPal
 .rodata        0x023cbce4       0x6c main.o
 .rodata        0x023cbd50      0x200 c:/devkitPro/libnds/lib\libnds9.a(console.o)
 .rodata        0x023cbf50       0x14 c:/devkitPro/libnds/lib\libnds9.a(decompress.o)
 .rodata        0x023cbf64      0x308 c:/devkitPro/libnds/lib\libnds9.a(trig.o)
                0x023cbf64                SIN_LUT
                0x023cc068                TAN_LUT
 .rodata        0x023cc26c     0x2004 c:/devkitPro/libnds/lib\libnds9.a(default_font.bin.o)
                0x023cc26c                default_font_bin
                0x023ce26c                default_font_bin_size
                0x023ce26c                default_font_bin_end
 .rodata        0x023ce270        0x4 c:/devkitpro/devkitarm/bin/../lib/gcc/arm-eabi/4.7.0/../../../../arm-eabi/lib/thumb\libg.a(lib_a-impure.o)
                0x023ce270                _global_impure_ptr
 .rodata        0x023ce274      0x340 c:/devkitpro/devkitarm/bin/../lib/gcc/arm-eabi/4.7.0/../../../../arm-eabi/lib/thumb\libg.a(lib_a-svfiscanf.o)
 .rodata        0x023ce5b4      0x184 c:/devkitpro/devkitarm/bin/../lib/gcc/arm-eabi/4.7.0/../../../../arm-eabi/lib/thumb\libg.a(lib_a-vfiprintf.o)
 .rodata        0x023ce738      0x184 c:/devkitpro/devkitarm/bin/../lib/gcc/arm-eabi/4.7.0/../../../../arm-eabi/lib/thumb\libg.a(lib_a-vfprintf.o)
 .rodata        0x023ce8bc      0x104 c:/devkitpro/devkitarm/bin/../lib/gcc/arm-eabi/4.7.0/../../../../arm-eabi/lib/thumb\libg.a(lib_a-ctype_.o)
                0x023ce8bc                _ctype_
 .rodata        0x023ce9c0     0x34f0 c:/devkitpro/devkitarm/bin/../lib/gcc/arm-eabi/4.7.0/../../../../arm-eabi/lib/thumb\libg.a(lib_a-jp2uc.o)
 .rodata        0x023d1eb0       0xf0 c:/devkitpro/devkitarm/bin/../lib/gcc/arm-eabi/4.7.0/../../../../arm-eabi/lib/thumb\libg.a(lib_a-locale.o)
 .rodata        0x023d1fa0       0xa8 c:/devkitpro/devkitarm/bin/../lib/gcc/arm-eabi/4.7.0/../../../../arm-eabi/lib/thumb\libg.a(lib_a-mbtowc_r.o)
 .rodata        0x023d2048      0x128 c:/devkitpro/devkitarm/bin/../lib/gcc/arm-eabi/4.7.0/../../../../arm-eabi/lib/thumb\libg.a(lib_a-mprec.o)
                0x023d2058                __mprec_tens
                0x023d2120                __mprec_tinytens
                0x023d2148                __mprec_bigtens
 .rodata        0x023d2170       0x64 c:/devkitpro/devkitarm/bin/../lib/gcc/arm-eabi/4.7.0/../../../../arm-eabi/lib/thumb\libsysbase.a(iosupport.o)
                0x023d2170                dotab_stdnull
 .rodata        0x023d21d4       0x14 c:/devkitpro/devkitarm/bin/../lib/gcc/arm-eabi/4.7.0/thumb\libgcc.a(unwind-arm.o)
 *all.rodata*(*)
 *(.roda)
 *(.rodata.*)
 .rodata.str1.4
                0x023d21e8       0xa1 main.o
                                 0xa4 (size before relaxing)
 *fill*         0x023d2289        0x3 ff
 .rodata.str1.4
                0x023d228c       0x49 c:/devkitPro/libnds/lib\libnds9.a(console.o)
                                 0x4c (size before relaxing)
 *fill*         0x023d22d5        0x3 ff
 .rodata.str1.4
                0x023d22d8        0x2 c:/devkitpro/devkitarm/bin/../lib/gcc/arm-eabi/4.7.0/../../../../arm-eabi/lib/thumb\libg.a(lib_a-impure.o)
                                  0x4 (size before relaxing)
 *fill*         0x023d22da        0x2 ff
 .rodata.str1.4
                0x023d22dc       0x2f c:/devkitpro/devkitarm/bin/../lib/gcc/arm-eabi/4.7.0/../../../../arm-eabi/lib/thumb\libg.a(lib_a-vfiprintf.o)
                                 0x30 (size before relaxing)
 *fill*         0x023d230b        0x1 ff
 .rodata.str1.4
                0x023d230c       0x12 c:/devkitpro/devkitarm/bin/../lib/gcc/arm-eabi/4.7.0/../../../../arm-eabi/lib/thumb\libg.a(lib_a-vfprintf.o)
                                 0x44 (size before relaxing)
 *fill*         0x023d231e        0x2 ff
 .rodata.str1.4
                0x023d2320       0x10 c:/devkitpro/devkitarm/bin/../lib/gcc/arm-eabi/4.7.0/../../../../arm-eabi/lib/thumb\libg.a(lib_a-dtoa.o)
                                 0x14 (size before relaxing)
 .rodata.str1.4
                0x023d2330       0x12 c:/devkitpro/devkitarm/bin/../lib/gcc/arm-eabi/4.7.0/../../../../arm-eabi/lib/thumb\libg.a(lib_a-jp2uc.o)
                                 0x14 (size before relaxing)
 *fill*         0x023d2342        0x2 ff
 .rodata.str1.4
                0x023d2344      0x110 c:/devkitpro/devkitarm/bin/../lib/gcc/arm-eabi/4.7.0/../../../../arm-eabi/lib/thumb\libg.a(lib_a-locale.o)
                                0x130 (size before relaxing)
 .rodata.str1.4
                0x00000000        0x4 c:/devkitpro/devkitarm/bin/../lib/gcc/arm-eabi/4.7.0/../../../../arm-eabi/lib/thumb\libg.a(lib_a-mbrtowc.o)
 .rodata.str1.4
                0x023d2454        0x8 c:/devkitpro/devkitarm/bin/../lib/gcc/arm-eabi/4.7.0/../../../../arm-eabi/lib/thumb\libsysbase.a(iosupport.o)
 *(.gnu.linkonce.r*)
                0x023d245c                . = ALIGN (0x4)

.ARM.extab      0x023d245c       0x18
 *(.ARM.extab* .gnu.linkonce.armextab.*)
 .ARM.extab     0x023d245c        0xc c:/devkitpro/devkitarm/bin/../lib/gcc/arm-eabi/4.7.0/thumb\libgcc.a(_divdi3.o)
 .ARM.extab     0x023d2468        0xc c:/devkitpro/devkitarm/bin/../lib/gcc/arm-eabi/4.7.0/thumb\libgcc.a(_udivdi3.o)
                0x023d2474                __exidx_start = .

ARM.exidx       0x023d2474       0x18
 *(.ARM.exidx* .gnu.linkonce.armexidx.*)
 .ARM.exidx     0x023d2474        0x8 c:/devkitpro/devkitarm/bin/../lib/gcc/arm-eabi/4.7.0/thumb\libgcc.a(_divdi3.o)
 .ARM.exidx     0x023d247c       0x10 c:/devkitpro/devkitarm/bin/../lib/gcc/arm-eabi/4.7.0/thumb\libgcc.a(_udivdi3.o)
                                  0x8 (size before relaxing)
                0x023d248c                __exidx_end = .

.rel.dyn        0x023d248c        0x0
 .rel.iplt      0x00000000        0x0 c:/devkitpro/devkitarm/bin/../lib/gcc/arm-eabi/4.7.0/../../../../arm-eabi/lib/thumb/ds_arm9_crt0.o
                0x023d248c                . = ALIGN (0x4)
                0x023d248c                PROVIDE (__preinit_array_start, .)

.preinit_array
 *(.preinit_array)
                0x023d248c                PROVIDE (__preinit_array_end, .)
                0x023d248c                PROVIDE (__init_array_start, .)

.init_array     0x023d248c        0x4
 *(SORT(.init_array.*))
 *(.init_array)
 .init_array    0x023d248c        0x4 c:/devkitpro/devkitarm/bin/../lib/gcc/arm-eabi/4.7.0/thumb/crtbegin.o
                0x023d2490                PROVIDE (__init_array_end, .)
                0x023d2490                PROVIDE (__fini_array_start, .)

.fini_array     0x023d2490        0x4
 *(.fini_array)
 .fini_array    0x023d2490        0x4 c:/devkitpro/devkitarm/bin/../lib/gcc/arm-eabi/4.7.0/thumb/crtbegin.o
 *(SORT(.fini_array.*))
                0x023d2494                PROVIDE (__fini_array_end, .)

.ctors          0x023d2494        0x0
 *crtbegin.o(.ctors)
 *(EXCLUDE_FILE(*crtend.o) .ctors)
 *(SORT(.ctors.*))
 *(.ctors)
                0x023d2494                . = ALIGN (0x4)

.dtors          0x023d2494        0x0
 *crtbegin.o(.dtors)
 *(EXCLUDE_FILE(*crtend.o) .dtors)
 *(SORT(.dtors.*))
 *(.dtors)
                0x023d2494                . = ALIGN (0x4)

.eh_frame       0x023d2494        0x4
 *(.eh_frame)
 .eh_frame      0x023d2494        0x0 c:/devkitpro/devkitarm/bin/../lib/gcc/arm-eabi/4.7.0/thumb/crtbegin.o
 .eh_frame      0x023d2494        0x4 c:/devkitpro/devkitarm/bin/../lib/gcc/arm-eabi/4.7.0/thumb/crtend.o
                0x023d2498                . = ALIGN (0x4)

.gcc_except_table
                0x023d2498        0x0
 *(.gcc_except_table)
                0x023d2498                . = ALIGN (0x4)

.jcr            0x023d2498        0x4
 *(.jcr)
 .jcr           0x023d2498        0x0 c:/devkitpro/devkitarm/bin/../lib/gcc/arm-eabi/4.7.0/thumb/crtbegin.o
 .jcr           0x023d2498        0x4 c:/devkitpro/devkitarm/bin/../lib/gcc/arm-eabi/4.7.0/thumb/crtend.o

.got
 *(.got.plt)
 *(.got)
 *(.rel.got)

.ewram          0x023d249c        0x0
                0x023d249c                __ewram_start = ABSOLUTE (.)
 *(.ewram)
 *ewram.*(.text)
                0x023d249c                . = ALIGN (0x4)

.data           0x023d249c      0xb2c
                0x023d249c                __data_start = ABSOLUTE (.)
 *(.data)
 .data          0x023d249c        0x0 c:/devkitpro/devkitarm/bin/../lib/gcc/arm-eabi/4.7.0/../../../../arm-eabi/lib/thumb/ds_arm9_crt0.o
 .data          0x023d249c        0x0 c:/devkitpro/devkitarm/bin/../lib/gcc/arm-eabi/4.7.0/thumb/crti.o
 .data          0x023d249c        0x4 c:/devkitpro/devkitarm/bin/../lib/gcc/arm-eabi/4.7.0/thumb/crtbegin.o
                0x023d249c                __dso_handle
 .data          0x023d24a0        0x0 soundbank.bin.o
 .data          0x023d24a0        0x0 MainBg.o
 .data          0x023d24a0        0x0 bluesbrothers.o
 .data          0x023d24a0        0x0 bttf.o
 .data          0x023d24a0        0x0 butthead.o
 .data          0x023d24a0        0x0 chewbacca.o
 .data          0x023d24a0        0x0 dsotm.o
 .data          0x023d24a0        0x0 duck.o
 .data          0x023d24a0        0x0 eastwood.o
 .data          0x023d24a0        0x0 gong.o
 .data          0x023d24a0        0x0 leftButtonOff.o
 .data          0x023d24a0        0x0 leftButtonOn.o
 .data          0x023d24a0        0x0 mario.o
 .data          0x023d24a0        0x0 rightButtonOff.o
 .data          0x023d24a0        0x0 rightButtonOn.o
 .data          0x023d24a0        0x0 main.o
 .data          0x023d24a0        0x0 c:/devkitPro/libnds/lib\libmm9.a(mm_comms.o)
 .data          0x023d24a0        0x0 c:/devkitPro/libnds/lib\libmm9.a(mm_main9.o)
 .data          0x023d24a0        0x0 c:/devkitPro/libnds/lib\libmm9.a(mm_memory.o)
 .data          0x023d24a0        0x0 c:/devkitPro/libnds/lib\libmm9.a(mm_soundbank.o)
 .data          0x023d24a0        0x0 c:/devkitPro/libnds/lib\libmm9.a(mm_flusher.o)
 .data          0x023d24a0       0x60 c:/devkitPro/libnds/lib\libnds9.a(background.o)
                0x023d24a0                bgScrollTable
                0x023d24c0                bgTransform
                0x023d24e0                bgControl
 .data          0x023d2500       0x64 c:/devkitPro/libnds/lib\libnds9.a(console.o)
                0x023d2500                currentConsole
                0x023d2504                defaultConsole
 .data          0x023d2564        0xc c:/devkitPro/libnds/lib\libnds9.a(decompress.o)
                0x023d2564                decomStream
 .data          0x023d2570        0x3 c:/devkitPro/libnds/lib\libnds9.a(keys.o)
 *fill*         0x023d2573        0x1 ff
 .data          0x023d2574       0x30 c:/devkitPro/libnds/lib\libnds9.a(sprite.o)
                0x023d2574                oamMain
                0x023d258c                oamSub
 .data          0x023d25a4        0x0 c:/devkitPro/libnds/lib\libnds9.a(sprite_alloc.o)
 .data          0x023d25a4        0x0 c:/devkitPro/libnds/lib\libnds9.a(touch.o)
 .data          0x023d25a4        0x0 c:/devkitPro/libnds/lib\libnds9.a(trig.o)
 .data          0x023d25a4        0x0 c:/devkitPro/libnds/lib\libnds9.a(initSystem.o)
 .data          0x023d25a4       0x10 c:/devkitPro/libnds/lib\libnds9.a(fifosystem.o)
                0x023d25a4                fifo_buffer_free
                0x023d25a8                fifo_freewords
                0x023d25ac                fifo_send_queue
                0x023d25b0                fifo_receive_queue
 .data          0x023d25b4        0x0 c:/devkitPro/libnds/lib\libnds9.a(interrupts.o)
 .data          0x023d25b4        0x0 c:/devkitPro/libnds/lib\libnds9.a(libnds_exit.arm.o)
 .data          0x023d25b4        0x0 c:/devkitPro/libnds/lib\libnds9.a(syscalls.o)
 .data          0x023d25b4        0x0 c:/devkitPro/libnds/lib\libnds9.a(dcache.o)
 .data          0x023d25b4        0x0 c:/devkitPro/libnds/lib\libnds9.a(mpu_setup.o)
 .data          0x023d25b4        0x0 c:/devkitPro/libnds/lib\libnds9.a(biosCalls.o)
 .data          0x023d25b4        0x0 c:/devkitPro/libnds/lib\libnds9.a(debugprint.o)
 .data          0x023d25b4        0x0 c:/devkitPro/libnds/lib\libnds9.a(interruptDispatcher.o)
 .data          0x023d25b4        0x0 c:/devkitPro/libnds/lib\libnds9.a(swiSoftReset.o)
 .data          0x023d25b4        0x0 c:/devkitPro/libnds/lib\libnds9.a(default_font.bin.o)
 .data          0x023d25b4        0x0 c:/devkitPro/libnds/lib\libnds9.a(system.o)
 .data          0x023d25b4        0x0 c:/devkitPro/libnds/lib\libnds9.a(video.o)
 .data          0x023d25b4        0x0 c:/devkitpro/devkitarm/bin/../lib/gcc/arm-eabi/4.7.0/thumb\libgcc.a(_divsi3.o)
 .data          0x023d25b4        0x0 c:/devkitpro/devkitarm/bin/../lib/gcc/arm-eabi/4.7.0/thumb\libgcc.a(_dvmd_tls.o)
 .data          0x023d25b4        0x0 c:/devkitpro/devkitarm/bin/../lib/gcc/arm-eabi/4.7.0/../../../../arm-eabi/lib/thumb\libg.a(lib_a-bsearch.o)
 .data          0x023d25b4        0x0 c:/devkitpro/devkitarm/bin/../lib/gcc/arm-eabi/4.7.0/../../../../arm-eabi/lib/thumb\libg.a(lib_a-fclose.o)
 .data          0x023d25b4        0x0 c:/devkitpro/devkitarm/bin/../lib/gcc/arm-eabi/4.7.0/../../../../arm-eabi/lib/thumb\libg.a(lib_a-fflush.o)
 .data          0x023d25b4        0x0 c:/devkitpro/devkitarm/bin/../lib/gcc/arm-eabi/4.7.0/../../../../arm-eabi/lib/thumb\libg.a(lib_a-findfp.o)
 .data          0x023d25b4        0x0 c:/devkitpro/devkitarm/bin/../lib/gcc/arm-eabi/4.7.0/../../../../arm-eabi/lib/thumb\libg.a(lib_a-fopen.o)
 .data          0x023d25b4        0x0 c:/devkitpro/devkitarm/bin/../lib/gcc/arm-eabi/4.7.0/../../../../arm-eabi/lib/thumb\libg.a(lib_a-fread.o)
 .data          0x023d25b4        0x0 c:/devkitpro/devkitarm/bin/../lib/gcc/arm-eabi/4.7.0/../../../../arm-eabi/lib/thumb\libg.a(lib_a-freer.o)
 .data          0x023d25b4        0x0 c:/devkitpro/devkitarm/bin/../lib/gcc/arm-eabi/4.7.0/../../../../arm-eabi/lib/thumb\libg.a(lib_a-fseek.o)
 .data          0x023d25b4        0x0 c:/devkitpro/devkitarm/bin/../lib/gcc/arm-eabi/4.7.0/../../../../arm-eabi/lib/thumb\libg.a(lib_a-fwalk.o)
 *fill*         0x023d25b4        0x4 ff
 .data          0x023d25b8      0x430 c:/devkitpro/devkitarm/bin/../lib/gcc/arm-eabi/4.7.0/../../../../arm-eabi/lib/thumb\libg.a(lib_a-impure.o)
                0x023d25b8                _impure_ptr
 .data          0x023d29e8        0x0 c:/devkitpro/devkitarm/bin/../lib/gcc/arm-eabi/4.7.0/../../../../arm-eabi/lib/thumb\libg.a(lib_a-init.o)
 .data          0x023d29e8        0x0 c:/devkitpro/devkitarm/bin/../lib/gcc/arm-eabi/4.7.0/../../../../arm-eabi/lib/thumb\libg.a(lib_a-iprintf.o)
 .data          0x023d29e8        0x0 c:/devkitpro/devkitarm/bin/../lib/gcc/arm-eabi/4.7.0/../../../../arm-eabi/lib/thumb\libg.a(lib_a-makebuf.o)
 .data          0x023d29e8        0x0 c:/devkitpro/devkitarm/bin/../lib/gcc/arm-eabi/4.7.0/../../../../arm-eabi/lib/thumb\libg.a(lib_a-malloc.o)
 .data          0x023d29e8      0x410 c:/devkitpro/devkitarm/bin/../lib/gcc/arm-eabi/4.7.0/../../../../arm-eabi/lib/thumb\libg.a(lib_a-mallocr.o)
                0x023d29e8                __malloc_av_
                0x023d2df0                __malloc_sbrk_base
                0x023d2df4                __malloc_trim_threshold
 .data          0x023d2df8        0x0 c:/devkitpro/devkitarm/bin/../lib/gcc/arm-eabi/4.7.0/../../../../arm-eabi/lib/thumb\libg.a(lib_a-memcpy-stub.o)
 .data          0x023d2df8        0x0 c:/devkitpro/devkitarm/bin/../lib/gcc/arm-eabi/4.7.0/../../../../arm-eabi/lib/thumb\libg.a(lib_a-memset.o)
 .data          0x023d2df8        0x0 c:/devkitpro/devkitarm/bin/../lib/gcc/arm-eabi/4.7.0/../../../../arm-eabi/lib/thumb\libg.a(lib_a-mlock.o)
 .data          0x023d2df8        0x0 c:/devkitpro/devkitarm/bin/../lib/gcc/arm-eabi/4.7.0/../../../../arm-eabi/lib/thumb\libg.a(lib_a-printf.o)
 .data          0x023d2df8        0x0 c:/devkitpro/devkitarm/bin/../lib/gcc/arm-eabi/4.7.0/../../../../arm-eabi/lib/thumb\libg.a(lib_a-realloc.o)
 .data          0x023d2df8        0x0 c:/devkitpro/devkitarm/bin/../lib/gcc/arm-eabi/4.7.0/../../../../arm-eabi/lib/thumb\libg.a(lib_a-reallocr.o)
 .data          0x023d2df8        0x0 c:/devkitpro/devkitarm/bin/../lib/gcc/arm-eabi/4.7.0/../../../../arm-eabi/lib/thumb\libg.a(lib_a-refill.o)
 .data          0x023d2df8        0x0 c:/devkitpro/devkitarm/bin/../lib/gcc/arm-eabi/4.7.0/../../../../arm-eabi/lib/thumb\libg.a(lib_a-setvbuf.o)
 .data          0x023d2df8        0x0 c:/devkitpro/devkitarm/bin/../lib/gcc/arm-eabi/4.7.0/../../../../arm-eabi/lib/thumb\libg.a(lib_a-siscanf.o)
 .data          0x023d2df8        0x0 c:/devkitpro/devkitarm/bin/../lib/gcc/arm-eabi/4.7.0/../../../../arm-eabi/lib/thumb\libg.a(lib_a-stdio.o)
 .data          0x023d2df8        0x0 c:/devkitpro/devkitarm/bin/../lib/gcc/arm-eabi/4.7.0/../../../../arm-eabi/lib/thumb\libg.a(lib_a-strlen.o)
 .data          0x023d2df8        0x0 c:/devkitpro/devkitarm/bin/../lib/gcc/arm-eabi/4.7.0/../../../../arm-eabi/lib/thumb\libg.a(lib_a-svfiscanf.o)
 .data          0x023d2df8        0x0 c:/devkitpro/devkitarm/bin/../lib/gcc/arm-eabi/4.7.0/../../../../arm-eabi/lib/thumb\libg.a(lib_a-ungetc.o)
 .data          0x023d2df8        0x0 c:/devkitpro/devkitarm/bin/../lib/gcc/arm-eabi/4.7.0/../../../../arm-eabi/lib/thumb\libg.a(lib_a-vfiprintf.o)
 .data          0x023d2df8        0x0 c:/devkitpro/devkitarm/bin/../lib/gcc/arm-eabi/4.7.0/../../../../arm-eabi/lib/thumb\libg.a(lib_a-vfprintf.o)
 .data          0x023d2df8        0x0 c:/devkitpro/devkitarm/bin/../lib/gcc/arm-eabi/4.7.0/../../../../arm-eabi/lib/thumb\libg.a(lib_a-wcrtomb.o)
 .data          0x023d2df8        0x0 c:/devkitpro/devkitarm/bin/../lib/gcc/arm-eabi/4.7.0/../../../../arm-eabi/lib/thumb\libg.a(lib_a-wcsrtombs.o)
 .data          0x023d2df8        0x4 c:/devkitpro/devkitarm/bin/../lib/gcc/arm-eabi/4.7.0/../../../../arm-eabi/lib/thumb\libg.a(lib_a-wctomb_r.o)
                0x023d2df8                __wctomb
 .data          0x023d2dfc        0x0 c:/devkitpro/devkitarm/bin/../lib/gcc/arm-eabi/4.7.0/../../../../arm-eabi/lib/thumb\libg.a(lib_a-wsetup.o)
 .data          0x023d2dfc        0x4 c:/devkitpro/devkitarm/bin/../lib/gcc/arm-eabi/4.7.0/../../../../arm-eabi/lib/thumb\libg.a(lib_a-ctype_.o)
                0x023d2dfc                __ctype_ptr__
 .data          0x023d2e00        0x0 c:/devkitpro/devkitarm/bin/../lib/gcc/arm-eabi/4.7.0/../../../../arm-eabi/lib/thumb\libg.a(lib_a-dtoa.o)
 .data          0x023d2e00        0x0 c:/devkitpro/devkitarm/bin/../lib/gcc/arm-eabi/4.7.0/../../../../arm-eabi/lib/thumb\libg.a(lib_a-flags.o)
 .data          0x023d2e00        0x0 c:/devkitpro/devkitarm/bin/../lib/gcc/arm-eabi/4.7.0/../../../../arm-eabi/lib/thumb\libg.a(lib_a-fputwc.o)
 .data          0x023d2e00        0x0 c:/devkitpro/devkitarm/bin/../lib/gcc/arm-eabi/4.7.0/../../../../arm-eabi/lib/thumb\libg.a(lib_a-fvwrite.o)
 .data          0x023d2e00        0x0 c:/devkitpro/devkitarm/bin/../lib/gcc/arm-eabi/4.7.0/../../../../arm-eabi/lib/thumb\libg.a(lib_a-iswspace.o)
 .data          0x023d2e00        0x0 c:/devkitpro/devkitarm/bin/../lib/gcc/arm-eabi/4.7.0/../../../../arm-eabi/lib/thumb\libg.a(lib_a-jp2uc.o)
 .data          0x023d2e00      0x17c c:/devkitpro/devkitarm/bin/../lib/gcc/arm-eabi/4.7.0/../../../../arm-eabi/lib/thumb\libg.a(lib_a-locale.o)
                0x023d2e00                __default_locale
                0x023d2f20                __mb_cur_max
 .data          0x023d2f7c        0x0 c:/devkitpro/devkitarm/bin/../lib/gcc/arm-eabi/4.7.0/../../../../arm-eabi/lib/thumb\libg.a(lib_a-mbrtowc.o)
 .data          0x023d2f7c        0x4 c:/devkitpro/devkitarm/bin/../lib/gcc/arm-eabi/4.7.0/../../../../arm-eabi/lib/thumb\libg.a(lib_a-mbtowc_r.o)
                0x023d2f7c                __mbtowc
 .data          0x023d2f80        0x0 c:/devkitpro/devkitarm/bin/../lib/gcc/arm-eabi/4.7.0/../../../../arm-eabi/lib/thumb\libg.a(lib_a-memchr-stub.o)
 .data          0x023d2f80        0x0 c:/devkitpro/devkitarm/bin/../lib/gcc/arm-eabi/4.7.0/../../../../arm-eabi/lib/thumb\libg.a(lib_a-memmove.o)
 .data          0x023d2f80        0x0 c:/devkitpro/devkitarm/bin/../lib/gcc/arm-eabi/4.7.0/../../../../arm-eabi/lib/thumb\libg.a(lib_a-mprec.o)
 .data          0x023d2f80        0x0 c:/devkitpro/devkitarm/bin/../lib/gcc/arm-eabi/4.7.0/../../../../arm-eabi/lib/thumb\libg.a(lib_a-sccl.o)
 .data          0x023d2f80        0x0 c:/devkitpro/devkitarm/bin/../lib/gcc/arm-eabi/4.7.0/../../../../arm-eabi/lib/thumb\libg.a(lib_a-s_fpclassify.o)
 .data          0x023d2f80        0x0 c:/devkitpro/devkitarm/bin/../lib/gcc/arm-eabi/4.7.0/../../../../arm-eabi/lib/thumb\libg.a(lib_a-strcasecmp.o)
 .data          0x023d2f80        0x0 c:/devkitpro/devkitarm/bin/../lib/gcc/arm-eabi/4.7.0/../../../../arm-eabi/lib/thumb\libg.a(lib_a-strcat.o)
 .data          0x023d2f80        0x0 c:/devkitpro/devkitarm/bin/../lib/gcc/arm-eabi/4.7.0/../../../../arm-eabi/lib/thumb\libg.a(lib_a-strchr.o)
 .data          0x023d2f80        0x0 c:/devkitpro/devkitarm/bin/../lib/gcc/arm-eabi/4.7.0/../../../../arm-eabi/lib/thumb\libg.a(lib_a-strcmp.o)
 .data          0x023d2f80        0x0 c:/devkitpro/devkitarm/bin/../lib/gcc/arm-eabi/4.7.0/../../../../arm-eabi/lib/thumb\libg.a(lib_a-strcpy.o)
 .data          0x023d2f80        0x0 c:/devkitpro/devkitarm/bin/../lib/gcc/arm-eabi/4.7.0/../../../../arm-eabi/lib/thumb\libg.a(lib_a-strlcpy.o)
 .data          0x023d2f80        0x0 c:/devkitpro/devkitarm/bin/../lib/gcc/arm-eabi/4.7.0/../../../../arm-eabi/lib/thumb\libg.a(lib_a-strncasecmp.o)
 .data          0x023d2f80        0x0 c:/devkitpro/devkitarm/bin/../lib/gcc/arm-eabi/4.7.0/../../../../arm-eabi/lib/thumb\libg.a(lib_a-strncmp.o)
 .data          0x023d2f80        0x0 c:/devkitpro/devkitarm/bin/../lib/gcc/arm-eabi/4.7.0/../../../../arm-eabi/lib/thumb\libg.a(lib_a-strncpy.o)
 .data          0x023d2f80        0x0 c:/devkitpro/devkitarm/bin/../lib/gcc/arm-eabi/4.7.0/../../../../arm-eabi/lib/thumb\libg.a(lib_a-strtoll_r.o)
 .data          0x023d2f80        0x0 c:/devkitpro/devkitarm/bin/../lib/gcc/arm-eabi/4.7.0/../../../../arm-eabi/lib/thumb\libg.a(lib_a-strtol.o)
 .data          0x023d2f80        0x0 c:/devkitpro/devkitarm/bin/../lib/gcc/arm-eabi/4.7.0/../../../../arm-eabi/lib/thumb\libg.a(lib_a-strtoull_r.o)
 .data          0x023d2f80        0x0 c:/devkitpro/devkitarm/bin/../lib/gcc/arm-eabi/4.7.0/../../../../arm-eabi/lib/thumb\libg.a(lib_a-strtoul.o)
 .data          0x023d2f80        0x0 c:/devkitpro/devkitarm/bin/../lib/gcc/arm-eabi/4.7.0/../../../../arm-eabi/lib/thumb\libg.a(lib_a-wbuf.o)
 .data          0x023d2f80        0x0 c:/devkitpro/devkitarm/bin/../lib/gcc/arm-eabi/4.7.0/../../../../arm-eabi/lib/thumb\libg.a(lib_a-wcsnrtombs.o)
 .data          0x023d2f80        0x0 c:/devkitpro/devkitarm/bin/../lib/gcc/arm-eabi/4.7.0/../../../../arm-eabi/lib/thumb\libg.a(lib_a-callocr.o)
 .data          0x023d2f80        0x0 c:/devkitpro/devkitarm/bin/../lib/gcc/arm-eabi/4.7.0/../../../../arm-eabi/lib/thumb\libg.a(lib_a-getenv_r.o)
 .data          0x023d2f80        0x4 c:/devkitpro/devkitarm/bin/../lib/gcc/arm-eabi/4.7.0/../../../../arm-eabi/lib/thumb\libg.a(lib_a-environ.o)
                0x023d2f80                environ
 .data          0x023d2f84        0x0 c:/devkitpro/devkitarm/bin/../lib/gcc/arm-eabi/4.7.0/../../../../arm-eabi/lib/thumb\libg.a(lib_a-envlock.o)
 .data          0x023d2f84       0x44 c:/devkitpro/devkitarm/bin/../lib/gcc/arm-eabi/4.7.0/../../../../arm-eabi/lib/thumb\libsysbase.a(iosupport.o)
                0x023d2f88                devoptab_list
 .data          0x023d2fc8        0x0 c:/devkitpro/devkitarm/bin/../lib/gcc/arm-eabi/4.7.0/../../../../arm-eabi/lib/thumb\libsysbase.a(close.o)
 .data          0x023d2fc8        0x0 c:/devkitpro/devkitarm/bin/../lib/gcc/arm-eabi/4.7.0/../../../../arm-eabi/lib/thumb\libsysbase.a(fstat.o)
 .data          0x023d2fc8        0x0 c:/devkitpro/devkitarm/bin/../lib/gcc/arm-eabi/4.7.0/../../../../arm-eabi/lib/thumb\libsysbase.a(isatty.o)
 .data          0x023d2fc8        0x0 c:/devkitpro/devkitarm/bin/../lib/gcc/arm-eabi/4.7.0/../../../../arm-eabi/lib/thumb\libsysbase.a(lseek.o)
 .data          0x023d2fc8        0x0 c:/devkitpro/devkitarm/bin/../lib/gcc/arm-eabi/4.7.0/../../../../arm-eabi/lib/thumb\libsysbase.a(open.o)
 .data          0x023d2fc8        0x0 c:/devkitpro/devkitarm/bin/../lib/gcc/arm-eabi/4.7.0/../../../../arm-eabi/lib/thumb\libsysbase.a(read.o)
 .data          0x023d2fc8        0x0 c:/devkitpro/devkitarm/bin/../lib/gcc/arm-eabi/4.7.0/../../../../arm-eabi/lib/thumb\libsysbase.a(sbrk.o)
 .data          0x023d2fc8        0x0 c:/devkitpro/devkitarm/bin/../lib/gcc/arm-eabi/4.7.0/../../../../arm-eabi/lib/thumb\libsysbase.a(times.o)
 .data          0x023d2fc8        0x0 c:/devkitpro/devkitarm/bin/../lib/gcc/arm-eabi/4.7.0/../../../../arm-eabi/lib/thumb\libsysbase.a(write.o)
 .data          0x023d2fc8        0x0 c:/devkitpro/devkitarm/bin/../lib/gcc/arm-eabi/4.7.0/../../../../arm-eabi/lib/thumb\libsysbase.a(malloc_vars.o)
 .data          0x023d2fc8        0x0 c:/devkitpro/devkitarm/bin/../lib/gcc/arm-eabi/4.7.0/../../../../arm-eabi/lib/thumb\libsysbase.a(build_argv.o)
 .data          0x023d2fc8        0x0 c:/devkitpro/devkitarm/bin/../lib/gcc/arm-eabi/4.7.0/../../../../arm-eabi/lib/thumb\libsysbase.a(syscall_support.o)
 .data          0x023d2fc8        0x0 c:/devkitpro/devkitarm/bin/../lib/gcc/arm-eabi/4.7.0/../../../../arm-eabi/lib/thumb\libsysbase.a(handle_manager.o)
 .data          0x023d2fc8        0x0 c:/devkitpro/devkitarm/bin/../lib/gcc/arm-eabi/4.7.0/thumb\libgcc.a(_udivsi3.o)
 .data          0x023d2fc8        0x0 c:/devkitpro/devkitarm/bin/../lib/gcc/arm-eabi/4.7.0/thumb\libgcc.a(_arm_addsubdf3.o)
 .data          0x023d2fc8        0x0 c:/devkitpro/devkitarm/bin/../lib/gcc/arm-eabi/4.7.0/thumb\libgcc.a(_arm_muldivdf3.o)
 .data          0x023d2fc8        0x0 c:/devkitpro/devkitarm/bin/../lib/gcc/arm-eabi/4.7.0/thumb\libgcc.a(_arm_cmpdf2.o)
 .data          0x023d2fc8        0x0 c:/devkitpro/devkitarm/bin/../lib/gcc/arm-eabi/4.7.0/thumb\libgcc.a(_arm_fixdfsi.o)
 .data          0x023d2fc8        0x0 c:/devkitpro/devkitarm/bin/../lib/gcc/arm-eabi/4.7.0/thumb\libgcc.a(_aeabi_uldivmod.o)
 .data          0x023d2fc8        0x0 c:/devkitpro/devkitarm/bin/../lib/gcc/arm-eabi/4.7.0/thumb\libgcc.a(_muldi3.o)
 .data          0x023d2fc8        0x0 c:/devkitpro/devkitarm/bin/../lib/gcc/arm-eabi/4.7.0/thumb\libgcc.a(bpabi.o)
 .data          0x023d2fc8        0x0 c:/devkitpro/devkitarm/bin/../lib/gcc/arm-eabi/4.7.0/thumb\libgcc.a(_divdi3.o)
 .data          0x023d2fc8        0x0 c:/devkitpro/devkitarm/bin/../lib/gcc/arm-eabi/4.7.0/thumb\libgcc.a(_udivdi3.o)
 .data          0x023d2fc8        0x0 c:/devkitpro/devkitarm/bin/../lib/gcc/arm-eabi/4.7.0/thumb\libgcc.a(unwind-arm.o)
 .data          0x023d2fc8        0x0 c:/devkitpro/devkitarm/bin/../lib/gcc/arm-eabi/4.7.0/thumb\libgcc.a(libunwind.o)
 .data          0x023d2fc8        0x0 c:/devkitpro/devkitarm/bin/../lib/gcc/arm-eabi/4.7.0/thumb\libgcc.a(pr-support.o)
 .data          0x023d2fc8        0x0 c:/devkitpro/devkitarm/bin/../lib/gcc/arm-eabi/4.7.0/thumb\libgcc.a(_clzsi2.o)
 .data          0x023d2fc8        0x0 c:/devkitpro/devkitarm/bin/../lib/gcc/arm-eabi/4.7.0/../../../../arm-eabi/lib/thumb\libg.a(lib_a-abort.o)
 .data          0x023d2fc8        0x0 c:/devkitpro/devkitarm/bin/../lib/gcc/arm-eabi/4.7.0/../../../../arm-eabi/lib/thumb\libg.a(lib_a-errno.o)
 .data          0x023d2fc8        0x0 c:/devkitpro/devkitarm/bin/../lib/gcc/arm-eabi/4.7.0/../../../../arm-eabi/lib/thumb\libg.a(lib_a-signal.o)
 .data          0x023d2fc8        0x0 c:/devkitpro/devkitarm/bin/../lib/gcc/arm-eabi/4.7.0/../../../../arm-eabi/lib/thumb\libsysbase.a(getpid.o)
 .data          0x023d2fc8        0x0 c:/devkitpro/devkitarm/bin/../lib/gcc/arm-eabi/4.7.0/../../../../arm-eabi/lib/thumb\libsysbase.a(kill.o)
 .data          0x023d2fc8        0x0 c:/devkitpro/devkitarm/bin/../lib/gcc/arm-eabi/4.7.0/../../../../arm-eabi/lib/thumb\libsysbase.a(_exit.o)
 .data          0x023d2fc8        0x0 c:/devkitpro/devkitarm/bin/../lib/gcc/arm-eabi/4.7.0/thumb/crtend.o
 .data          0x023d2fc8        0x0 c:/devkitpro/devkitarm/bin/../lib/gcc/arm-eabi/4.7.0/thumb/crtn.o
 *(.data.*)
 *(.gnu.linkonce.d*)
                0x023d2fc8                . = ALIGN (0x4)
                0x023d2fc8                __data_end = ABSOLUTE (.)
                0x023d2fc8                __dtcm_lma = .
                0x023d2fc8                __bss_vma = .

.igot.plt       0x023d2fc8        0x0
 .igot.plt      0x00000000        0x0 c:/devkitpro/devkitarm/bin/../lib/gcc/arm-eabi/4.7.0/../../../../arm-eabi/lib/thumb/ds_arm9_crt0.o

.tm_clone_table
                0x023d2fc8        0x0
 .tm_clone_table
                0x023d2fc8        0x0 c:/devkitpro/devkitarm/bin/../lib/gcc/arm-eabi/4.7.0/thumb/crtbegin.o
 .tm_clone_table
                0x023d2fc8        0x0 c:/devkitpro/devkitarm/bin/../lib/gcc/arm-eabi/4.7.0/thumb/crtend.o

.dtcm           0x0b000000        0x0 load address 0x023d2fc8
 *(.dtcm)
 *(.dtcm.*)
                0x0b000000                . = ALIGN (0x4)
                0x0b000000                __dtcm_end = ABSOLUTE (.)
                0x023d2fc8                __itcm_lma = (__dtcm_lma + SIZEOF (.dtcm))

.itcm           0x01000100      0x194 load address 0x023d2fc8
 *(.itcm)
 .itcm          0x01000100       0xc8 c:/devkitPro/libnds/lib\libnds9.a(interrupts.o)
                0x01000100                irqTable
 .itcm          0x010001c8       0xcc c:/devkitPro/libnds/lib\libnds9.a(interruptDispatcher.o)
                0x010001c8                IntrMain
 *itcm.*(.text)
                0x01000294                . = ALIGN (0x4)
                0x01000294                __itcm_end = ABSOLUTE (.)
                0x023d315c                __vectors_lma = (__itcm_lma + SIZEOF (.itcm))

.vectors        0x01000000        0x0 load address 0x023d315c
 *(.vectors)
 *vectors.*(.text)
                0x01000000                . = ALIGN (0x4)
                0x01000000                __vectors_end = ABSOLUTE (.)

.sbss           0x0b000000        0x0
                0x0b000000                __sbss_start = ABSOLUTE (.)
                0x0b000000                __sbss_start__ = ABSOLUTE (.)
 *(.sbss)
                0x0b000000                . = ALIGN (0x4)
                0x0b000000                __sbss_end = ABSOLUTE (.)

.bss            0x023d2fc8     0x279c
                0x023d2fc8                __bss_start = ABSOLUTE (.)
                0x023d2fc8                __bss_start__ = ABSOLUTE (.)
 *(.dynbss)
 *(.gnu.linkonce.b*)
 *(.bss*)
 .bss           0x023d2fc8        0x0 c:/devkitpro/devkitarm/bin/../lib/gcc/arm-eabi/4.7.0/../../../../arm-eabi/lib/thumb/ds_arm9_crt0.o
 .bss           0x023d2fc8        0x0 c:/devkitpro/devkitarm/bin/../lib/gcc/arm-eabi/4.7.0/thumb/crti.o
 .bss           0x023d2fc8       0x1c c:/devkitpro/devkitarm/bin/../lib/gcc/arm-eabi/4.7.0/thumb/crtbegin.o
 .bss           0x023d2fe4        0x0 soundbank.bin.o
 .bss           0x023d2fe4        0x0 MainBg.o
 .bss           0x023d2fe4        0x0 bluesbrothers.o
 .bss           0x023d2fe4        0x0 bttf.o
 .bss           0x023d2fe4        0x0 butthead.o
 .bss           0x023d2fe4        0x0 chewbacca.o
 .bss           0x023d2fe4        0x0 dsotm.o
 .bss           0x023d2fe4        0x0 duck.o
 .bss           0x023d2fe4        0x0 eastwood.o
 .bss           0x023d2fe4        0x0 gong.o
 .bss           0x023d2fe4        0x0 leftButtonOff.o
 .bss           0x023d2fe4        0x0 leftButtonOn.o
 .bss           0x023d2fe4        0x0 mario.o
 .bss           0x023d2fe4        0x0 rightButtonOff.o
 .bss           0x023d2fe4        0x0 rightButtonOn.o
 .bss           0x023d2fe4        0x4 main.o
                0x023d2fe4                SPRITECOUNT
 .bss           0x023d2fe8       0x18 c:/devkitPro/libnds/lib\libmm9.a(mm_comms.o)
 .bss           0x023d3000       0x1c c:/devkitPro/libnds/lib\libmm9.a(mm_main9.o)
                0x023d3000                mmcbMemory
                0x023d3004                mmModuleCount
                0x023d3008                mmSampleCount
                0x023d300c                mmMemoryBank
                0x023d300c                mmModuleBank
                0x023d3010                mmSampleBank
                0x023d3014                mmCallback
                0x023d3018                mmActiveStatus
 .bss           0x023d301c        0x0 c:/devkitPro/libnds/lib\libmm9.a(mm_memory.o)
 .bss           0x023d301c       0x44 c:/devkitPro/libnds/lib\libmm9.a(mm_soundbank.o)
 .bss           0x023d3060        0x0 c:/devkitPro/libnds/lib\libmm9.a(mm_flusher.o)
 .bss           0x023d3060        0x0 c:/devkitPro/libnds/lib\libnds9.a(background.o)
 .bss           0x023d3060        0x0 c:/devkitPro/libnds/lib\libnds9.a(console.o)
 .bss           0x023d3060        0x0 c:/devkitPro/libnds/lib\libnds9.a(decompress.o)
 .bss           0x023d3060        0x6 c:/devkitPro/libnds/lib\libnds9.a(keys.o)
 .bss           0x023d3066        0x0 c:/devkitPro/libnds/lib\libnds9.a(sprite.o)
 .bss           0x023d3066        0x0 c:/devkitPro/libnds/lib\libnds9.a(sprite_alloc.o)
 .bss           0x023d3066        0x0 c:/devkitPro/libnds/lib\libnds9.a(touch.o)
 .bss           0x023d3066        0x0 c:/devkitPro/libnds/lib\libnds9.a(trig.o)
 .bss           0x023d3066        0x0 c:/devkitPro/libnds/lib\libnds9.a(initSystem.o)
 *fill*         0x023d3066        0x2 00
 .bss           0x023d3068        0x8 c:/devkitPro/libnds/lib\libnds9.a(fifosystem.o)
                0x023d306c                processing
 .bss           0x023d3070        0x0 c:/devkitPro/libnds/lib\libnds9.a(interrupts.o)
 .bss           0x023d3070        0x0 c:/devkitPro/libnds/lib\libnds9.a(libnds_exit.arm.o)
 .bss           0x023d3070        0x0 c:/devkitPro/libnds/lib\libnds9.a(syscalls.o)
 .bss           0x023d3070        0x0 c:/devkitPro/libnds/lib\libnds9.a(dcache.o)
 .bss           0x023d3070        0x0 c:/devkitPro/libnds/lib\libnds9.a(mpu_setup.o)
 .bss           0x023d3070        0x0 c:/devkitPro/libnds/lib\libnds9.a(biosCalls.o)
 .bss           0x023d3070        0x0 c:/devkitPro/libnds/lib\libnds9.a(debugprint.o)
 .bss           0x023d3070        0x0 c:/devkitPro/libnds/lib\libnds9.a(interruptDispatcher.o)
 .bss           0x023d3070        0x0 c:/devkitPro/libnds/lib\libnds9.a(swiSoftReset.o)
 .bss           0x023d3070        0x0 c:/devkitPro/libnds/lib\libnds9.a(default_font.bin.o)
 .bss           0x023d3070        0x4 c:/devkitPro/libnds/lib\libnds9.a(system.o)
 .bss           0x023d3074        0x0 c:/devkitPro/libnds/lib\libnds9.a(video.o)
 .bss           0x023d3074        0x0 c:/devkitpro/devkitarm/bin/../lib/gcc/arm-eabi/4.7.0/thumb\libgcc.a(_divsi3.o)
 .bss           0x023d3074        0x0 c:/devkitpro/devkitarm/bin/../lib/gcc/arm-eabi/4.7.0/thumb\libgcc.a(_dvmd_tls.o)
 .bss           0x023d3074        0x0 c:/devkitpro/devkitarm/bin/../lib/gcc/arm-eabi/4.7.0/../../../../arm-eabi/lib/thumb\libg.a(lib_a-bsearch.o)
 .bss           0x023d3074        0x0 c:/devkitpro/devkitarm/bin/../lib/gcc/arm-eabi/4.7.0/../../../../arm-eabi/lib/thumb\libg.a(lib_a-fclose.o)
 .bss           0x023d3074        0x0 c:/devkitpro/devkitarm/bin/../lib/gcc/arm-eabi/4.7.0/../../../../arm-eabi/lib/thumb\libg.a(lib_a-fflush.o)
 .bss           0x023d3074        0x0 c:/devkitpro/devkitarm/bin/../lib/gcc/arm-eabi/4.7.0/../../../../arm-eabi/lib/thumb\libg.a(lib_a-findfp.o)
 .bss           0x023d3074        0x0 c:/devkitpro/devkitarm/bin/../lib/gcc/arm-eabi/4.7.0/../../../../arm-eabi/lib/thumb\libg.a(lib_a-fopen.o)
 .bss           0x023d3074        0x0 c:/devkitpro/devkitarm/bin/../lib/gcc/arm-eabi/4.7.0/../../../../arm-eabi/lib/thumb\libg.a(lib_a-fread.o)
 .bss           0x023d3074        0x0 c:/devkitpro/devkitarm/bin/../lib/gcc/arm-eabi/4.7.0/../../../../arm-eabi/lib/thumb\libg.a(lib_a-freer.o)
 .bss           0x023d3074        0x0 c:/devkitpro/devkitarm/bin/../lib/gcc/arm-eabi/4.7.0/../../../../arm-eabi/lib/thumb\libg.a(lib_a-fseek.o)
 .bss           0x023d3074        0x0 c:/devkitpro/devkitarm/bin/../lib/gcc/arm-eabi/4.7.0/../../../../arm-eabi/lib/thumb\libg.a(lib_a-fwalk.o)
 .bss           0x023d3074        0x0 c:/devkitpro/devkitarm/bin/../lib/gcc/arm-eabi/4.7.0/../../../../arm-eabi/lib/thumb\libg.a(lib_a-impure.o)
 .bss           0x023d3074        0x0 c:/devkitpro/devkitarm/bin/../lib/gcc/arm-eabi/4.7.0/../../../../arm-eabi/lib/thumb\libg.a(lib_a-init.o)
 .bss           0x023d3074        0x0 c:/devkitpro/devkitarm/bin/../lib/gcc/arm-eabi/4.7.0/../../../../arm-eabi/lib/thumb\libg.a(lib_a-iprintf.o)
 .bss           0x023d3074        0x0 c:/devkitpro/devkitarm/bin/../lib/gcc/arm-eabi/4.7.0/../../../../arm-eabi/lib/thumb\libg.a(lib_a-makebuf.o)
 .bss           0x023d3074        0x0 c:/devkitpro/devkitarm/bin/../lib/gcc/arm-eabi/4.7.0/../../../../arm-eabi/lib/thumb\libg.a(lib_a-malloc.o)
 .bss           0x023d3074       0x34 c:/devkitpro/devkitarm/bin/../lib/gcc/arm-eabi/4.7.0/../../../../arm-eabi/lib/thumb\libg.a(lib_a-mallocr.o)
                0x023d3074                __malloc_top_pad
                0x023d3078                __malloc_current_mallinfo
                0x023d30a0                __malloc_max_sbrked_mem
                0x023d30a4                __malloc_max_total_mem
 .bss           0x023d30a8        0x0 c:/devkitpro/devkitarm/bin/../lib/gcc/arm-eabi/4.7.0/../../../../arm-eabi/lib/thumb\libg.a(lib_a-memcpy-stub.o)
 .bss           0x023d30a8        0x0 c:/devkitpro/devkitarm/bin/../lib/gcc/arm-eabi/4.7.0/../../../../arm-eabi/lib/thumb\libg.a(lib_a-memset.o)
 .bss           0x023d30a8        0x0 c:/devkitpro/devkitarm/bin/../lib/gcc/arm-eabi/4.7.0/../../../../arm-eabi/lib/thumb\libg.a(lib_a-mlock.o)
 .bss           0x023d30a8        0x0 c:/devkitpro/devkitarm/bin/../lib/gcc/arm-eabi/4.7.0/../../../../arm-eabi/lib/thumb\libg.a(lib_a-printf.o)
 .bss           0x023d30a8        0x0 c:/devkitpro/devkitarm/bin/../lib/gcc/arm-eabi/4.7.0/../../../../arm-eabi/lib/thumb\libg.a(lib_a-realloc.o)
 .bss           0x023d30a8        0x0 c:/devkitpro/devkitarm/bin/../lib/gcc/arm-eabi/4.7.0/../../../../arm-eabi/lib/thumb\libg.a(lib_a-reallocr.o)
 .bss           0x023d30a8        0x0 c:/devkitpro/devkitarm/bin/../lib/gcc/arm-eabi/4.7.0/../../../../arm-eabi/lib/thumb\libg.a(lib_a-refill.o)
 .bss           0x023d30a8        0x0 c:/devkitpro/devkitarm/bin/../lib/gcc/arm-eabi/4.7.0/../../../../arm-eabi/lib/thumb\libg.a(lib_a-setvbuf.o)
 .bss           0x023d30a8        0x0 c:/devkitpro/devkitarm/bin/../lib/gcc/arm-eabi/4.7.0/../../../../arm-eabi/lib/thumb\libg.a(lib_a-siscanf.o)
 .bss           0x023d30a8        0x0 c:/devkitpro/devkitarm/bin/../lib/gcc/arm-eabi/4.7.0/../../../../arm-eabi/lib/thumb\libg.a(lib_a-stdio.o)
 .bss           0x023d30a8        0x0 c:/devkitpro/devkitarm/bin/../lib/gcc/arm-eabi/4.7.0/../../../../arm-eabi/lib/thumb\libg.a(lib_a-strlen.o)
 .bss           0x023d30a8        0x0 c:/devkitpro/devkitarm/bin/../lib/gcc/arm-eabi/4.7.0/../../../../arm-eabi/lib/thumb\libg.a(lib_a-svfiscanf.o)
 .bss           0x023d30a8        0x0 c:/devkitpro/devkitarm/bin/../lib/gcc/arm-eabi/4.7.0/../../../../arm-eabi/lib/thumb\libg.a(lib_a-ungetc.o)
 .bss           0x023d30a8        0x0 c:/devkitpro/devkitarm/bin/../lib/gcc/arm-eabi/4.7.0/../../../../arm-eabi/lib/thumb\libg.a(lib_a-vfiprintf.o)
 .bss           0x023d30a8        0x0 c:/devkitpro/devkitarm/bin/../lib/gcc/arm-eabi/4.7.0/../../../../arm-eabi/lib/thumb\libg.a(lib_a-vfprintf.o)
 .bss           0x023d30a8        0x0 c:/devkitpro/devkitarm/bin/../lib/gcc/arm-eabi/4.7.0/../../../../arm-eabi/lib/thumb\libg.a(lib_a-wcrtomb.o)
 .bss           0x023d30a8        0x0 c:/devkitpro/devkitarm/bin/../lib/gcc/arm-eabi/4.7.0/../../../../arm-eabi/lib/thumb\libg.a(lib_a-wcsrtombs.o)
 .bss           0x023d30a8        0x0 c:/devkitpro/devkitarm/bin/../lib/gcc/arm-eabi/4.7.0/../../../../arm-eabi/lib/thumb\libg.a(lib_a-wctomb_r.o)
 .bss           0x023d30a8        0x0 c:/devkitpro/devkitarm/bin/../lib/gcc/arm-eabi/4.7.0/../../../../arm-eabi/lib/thumb\libg.a(lib_a-wsetup.o)
 .bss           0x023d30a8        0x0 c:/devkitpro/devkitarm/bin/../lib/gcc/arm-eabi/4.7.0/../../../../arm-eabi/lib/thumb\libg.a(lib_a-ctype_.o)
 .bss           0x023d30a8        0x0 c:/devkitpro/devkitarm/bin/../lib/gcc/arm-eabi/4.7.0/../../../../arm-eabi/lib/thumb\libg.a(lib_a-dtoa.o)
 .bss           0x023d30a8        0x0 c:/devkitpro/devkitarm/bin/../lib/gcc/arm-eabi/4.7.0/../../../../arm-eabi/lib/thumb\libg.a(lib_a-flags.o)
 .bss           0x023d30a8        0x0 c:/devkitpro/devkitarm/bin/../lib/gcc/arm-eabi/4.7.0/../../../../arm-eabi/lib/thumb\libg.a(lib_a-fputwc.o)
 .bss           0x023d30a8        0x0 c:/devkitpro/devkitarm/bin/../lib/gcc/arm-eabi/4.7.0/../../../../arm-eabi/lib/thumb\libg.a(lib_a-fvwrite.o)
 .bss           0x023d30a8        0x0 c:/devkitpro/devkitarm/bin/../lib/gcc/arm-eabi/4.7.0/../../../../arm-eabi/lib/thumb\libg.a(lib_a-iswspace.o)
 .bss           0x023d30a8        0x0 c:/devkitpro/devkitarm/bin/../lib/gcc/arm-eabi/4.7.0/../../../../arm-eabi/lib/thumb\libg.a(lib_a-jp2uc.o)
 .bss           0x023d30a8      0x2b8 c:/devkitpro/devkitarm/bin/../lib/gcc/arm-eabi/4.7.0/../../../../arm-eabi/lib/thumb\libg.a(lib_a-locale.o)
                0x023d3354                _PathLocale
                0x023d3358                __mlocale_changed
                0x023d335c                __nlocale_changed
 .bss           0x023d3360        0x0 c:/devkitpro/devkitarm/bin/../lib/gcc/arm-eabi/4.7.0/../../../../arm-eabi/lib/thumb\libg.a(lib_a-mbrtowc.o)
 .bss           0x023d3360        0x0 c:/devkitpro/devkitarm/bin/../lib/gcc/arm-eabi/4.7.0/../../../../arm-eabi/lib/thumb\libg.a(lib_a-mbtowc_r.o)
 .bss           0x023d3360        0x0 c:/devkitpro/devkitarm/bin/../lib/gcc/arm-eabi/4.7.0/../../../../arm-eabi/lib/thumb\libg.a(lib_a-memchr-stub.o)
 .bss           0x023d3360        0x0 c:/devkitpro/devkitarm/bin/../lib/gcc/arm-eabi/4.7.0/../../../../arm-eabi/lib/thumb\libg.a(lib_a-memmove.o)
 .bss           0x023d3360        0x0 c:/devkitpro/devkitarm/bin/../lib/gcc/arm-eabi/4.7.0/../../../../arm-eabi/lib/thumb\libg.a(lib_a-mprec.o)
 .bss           0x023d3360        0x0 c:/devkitpro/devkitarm/bin/../lib/gcc/arm-eabi/4.7.0/../../../../arm-eabi/lib/thumb\libg.a(lib_a-sccl.o)
 .bss           0x023d3360        0x0 c:/devkitpro/devkitarm/bin/../lib/gcc/arm-eabi/4.7.0/../../../../arm-eabi/lib/thumb\libg.a(lib_a-s_fpclassify.o)
 .bss           0x023d3360        0x0 c:/devkitpro/devkitarm/bin/../lib/gcc/arm-eabi/4.7.0/../../../../arm-eabi/lib/thumb\libg.a(lib_a-strcasecmp.o)
 .bss           0x023d3360        0x0 c:/devkitpro/devkitarm/bin/../lib/gcc/arm-eabi/4.7.0/../../../../arm-eabi/lib/thumb\libg.a(lib_a-strcat.o)
 .bss           0x023d3360        0x0 c:/devkitpro/devkitarm/bin/../lib/gcc/arm-eabi/4.7.0/../../../../arm-eabi/lib/thumb\libg.a(lib_a-strchr.o)
 .bss           0x023d3360        0x0 c:/devkitpro/devkitarm/bin/../lib/gcc/arm-eabi/4.7.0/../../../../arm-eabi/lib/thumb\libg.a(lib_a-strcmp.o)
 .bss           0x023d3360        0x0 c:/devkitpro/devkitarm/bin/../lib/gcc/arm-eabi/4.7.0/../../../../arm-eabi/lib/thumb\libg.a(lib_a-strcpy.o)
 .bss           0x023d3360        0x0 c:/devkitpro/devkitarm/bin/../lib/gcc/arm-eabi/4.7.0/../../../../arm-eabi/lib/thumb\libg.a(lib_a-strlcpy.o)
 .bss           0x023d3360        0x0 c:/devkitpro/devkitarm/bin/../lib/gcc/arm-eabi/4.7.0/../../../../arm-eabi/lib/thumb\libg.a(lib_a-strncasecmp.o)
 .bss           0x023d3360        0x0 c:/devkitpro/devkitarm/bin/../lib/gcc/arm-eabi/4.7.0/../../../../arm-eabi/lib/thumb\libg.a(lib_a-strncmp.o)
 .bss           0x023d3360        0x0 c:/devkitpro/devkitarm/bin/../lib/gcc/arm-eabi/4.7.0/../../../../arm-eabi/lib/thumb\libg.a(lib_a-strncpy.o)
 .bss           0x023d3360        0x0 c:/devkitpro/devkitarm/bin/../lib/gcc/arm-eabi/4.7.0/../../../../arm-eabi/lib/thumb\libg.a(lib_a-strtoll_r.o)
 .bss           0x023d3360        0x0 c:/devkitpro/devkitarm/bin/../lib/gcc/arm-eabi/4.7.0/../../../../arm-eabi/lib/thumb\libg.a(lib_a-strtol.o)
 .bss           0x023d3360        0x0 c:/devkitpro/devkitarm/bin/../lib/gcc/arm-eabi/4.7.0/../../../../arm-eabi/lib/thumb\libg.a(lib_a-strtoull_r.o)
 .bss           0x023d3360        0x0 c:/devkitpro/devkitarm/bin/../lib/gcc/arm-eabi/4.7.0/../../../../arm-eabi/lib/thumb\libg.a(lib_a-strtoul.o)
 .bss           0x023d3360        0x0 c:/devkitpro/devkitarm/bin/../lib/gcc/arm-eabi/4.7.0/../../../../arm-eabi/lib/thumb\libg.a(lib_a-wbuf.o)
 .bss           0x023d3360        0x0 c:/devkitpro/devkitarm/bin/../lib/gcc/arm-eabi/4.7.0/../../../../arm-eabi/lib/thumb\libg.a(lib_a-wcsnrtombs.o)
 .bss           0x023d3360        0x0 c:/devkitpro/devkitarm/bin/../lib/gcc/arm-eabi/4.7.0/../../../../arm-eabi/lib/thumb\libg.a(lib_a-callocr.o)